INFO: (function: applyOptionsBase) FitterAlgoBase.cc: 113 -- Setting robust fit options to Tolerance=0.1 / Strategy=0 / Type,Algo=Minuit2,Migrad (note that defaults of CascadeMinimizer were taken where option not specified)
INFO: (function: run) Combine.cc: 676 -- Set floating the following parameters: 
INFO: (function: run) Combine.cc: 679  CMS_HWW_boosted_tf_dataResidual_CR1_Bin4 
INFO: (function: run) Combine.cc: 679  CMS_HWW_boosted_tf_dataResidual_CR2_Bin4 
INFO: (function: run) Combine.cc: 679  CMS_HWW_boosted_tf_dataResidual_CR1_Bin5 
INFO: (function: run) Combine.cc: 679  CMS_HWW_boosted_tf_dataResidual_CR2_Bin5 
INFO: (function: run) Combine.cc: 679  CMS_HWW_boosted_tf_dataResidual_CR1_Bin6 
INFO: (function: run) Combine.cc: 679  CMS_HWW_boosted_tf_dataResidual_CR2_Bin6 
INFO: (function: run) Combine.cc: 679  CMS_HWW_boosted_tf_dataResidual_CR1_Bin7 
INFO: (function: run) Combine.cc: 679  CMS_HWW_boosted_tf_dataResidual_CR2_Bin7 
INFO: (function: run) Combine.cc: 679  CMS_HWW_boosted_tf_dataResidual_CR1_Bin8 
INFO: (function: run) Combine.cc: 679  CMS_HWW_boosted_tf_dataResidual_CR2_Bin8 
INFO: (function: run) Combine.cc: 679  CMS_HWW_boosted_tf_dataResidual_CR1_Bin9 
INFO: (function: run) Combine.cc: 679  CMS_HWW_boosted_tf_dataResidual_CR2_Bin9 
INFO: (function: run) Combine.cc: 712 -- Freezing the following parameters: 
INFO: (function: run) Combine.cc: 715  BR_hww_In 
INFO: (function: run) Combine.cc: 715  CMS_HWW_boosted_CR1_mcstat_bin0_In 
INFO: (function: run) Combine.cc: 715  CMS_HWW_boosted_CR1_mcstat_bin1_In 
INFO: (function: run) Combine.cc: 715  CMS_HWW_boosted_CR1_mcstat_bin10_In 
INFO: (function: run) Combine.cc: 715  CMS_HWW_boosted_CR1_mcstat_bin11_In 
INFO: (function: run) Combine.cc: 715  CMS_HWW_boosted_CR1_mcstat_bin12_In 
INFO: (function: run) Combine.cc: 715  CMS_HWW_boosted_CR1_mcstat_bin13_In 
INFO: (function: run) Combine.cc: 715  CMS_HWW_boosted_CR1_mcstat_bin14_In 
INFO: (function: run) Combine.cc: 715  CMS_HWW_boosted_CR1_mcstat_bin15_In 
INFO: (function: run) Combine.cc: 715  CMS_HWW_boosted_CR1_mcstat_bin16_In 
INFO: (function: run) Combine.cc: 715  CMS_HWW_boosted_CR1_mcstat_bin17_In 
INFO: (function: run) Combine.cc: 715  CMS_HWW_boosted_CR1_mcstat_bin18_In 
INFO: (function: run) Combine.cc: 715  CMS_HWW_boosted_CR1_mcstat_bin19_In 
INFO: (function: run) Combine.cc: 715  CMS_HWW_boosted_CR1_mcstat_bin2_In 
INFO: (function: run) Combine.cc: 715  CMS_HWW_boosted_CR1_mcstat_bin3_In 
INFO: (function: run) Combine.cc: 715  CMS_HWW_boosted_CR1_mcstat_bin4_In 
INFO: (function: run) Combine.cc: 715  CMS_HWW_boosted_CR1_mcstat_bin5_In 
INFO: (function: run) Combine.cc: 715  CMS_HWW_boosted_CR1_mcstat_bin6_In 
INFO: (function: run) Combine.cc: 715  CMS_HWW_boosted_CR1_mcstat_bin7_In 
INFO: (function: run) Combine.cc: 715  CMS_HWW_boosted_CR1_mcstat_bin8_In 
INFO: (function: run) Combine.cc: 715  CMS_HWW_boosted_CR1_mcstat_bin9_In 
INFO: (function: run) Combine.cc: 715  CMS_HWW_boosted_CR2_mcstat_bin0_In 
INFO: (function: run) Combine.cc: 715  CMS_HWW_boosted_CR2_mcstat_bin1_In 
INFO: (function: run) Combine.cc: 715  CMS_HWW_boosted_CR2_mcstat_bin10_In 
INFO: (function: run) Combine.cc: 715  CMS_HWW_boosted_CR2_mcstat_bin11_In 
INFO: (function: run) Combine.cc: 715  CMS_HWW_boosted_CR2_mcstat_bin12_In 
INFO: (function: run) Combine.cc: 715  CMS_HWW_boosted_CR2_mcstat_bin13_In 
INFO: (function: run) Combine.cc: 715  CMS_HWW_boosted_CR2_mcstat_bin14_In 
INFO: (function: run) Combine.cc: 715  CMS_HWW_boosted_CR2_mcstat_bin15_In 
INFO: (function: run) Combine.cc: 715  CMS_HWW_boosted_CR2_mcstat_bin16_In 
INFO: (function: run) Combine.cc: 715  CMS_HWW_boosted_CR2_mcstat_bin17_In 
INFO: (function: run) Combine.cc: 715  CMS_HWW_boosted_CR2_mcstat_bin18_In 
INFO: (function: run) Combine.cc: 715  CMS_HWW_boosted_CR2_mcstat_bin19_In 
INFO: (function: run) Combine.cc: 715  CMS_HWW_boosted_CR2_mcstat_bin2_In 
INFO: (function: run) Combine.cc: 715  CMS_HWW_boosted_CR2_mcstat_bin3_In 
INFO: (function: run) Combine.cc: 715  CMS_HWW_boosted_CR2_mcstat_bin4_In 
INFO: (function: run) Combine.cc: 715  CMS_HWW_boosted_CR2_mcstat_bin5_In 
INFO: (function: run) Combine.cc: 715  CMS_HWW_boosted_CR2_mcstat_bin6_In 
INFO: (function: run) Combine.cc: 715  CMS_HWW_boosted_CR2_mcstat_bin7_In 
INFO: (function: run) Combine.cc: 715  CMS_HWW_boosted_CR2_mcstat_bin8_In 
INFO: (function: run) Combine.cc: 715  CMS_HWW_boosted_CR2_mcstat_bin9_In 
INFO: (function: run) Combine.cc: 715  CMS_HWW_boosted_SR1a_mcstat_bin0_In 
INFO: (function: run) Combine.cc: 715  CMS_HWW_boosted_SR1a_mcstat_bin1_In 
INFO: (function: run) Combine.cc: 715  CMS_HWW_boosted_SR1a_mcstat_bin10_In 
INFO: (function: run) Combine.cc: 715  CMS_HWW_boosted_SR1a_mcstat_bin11_In 
INFO: (function: run) Combine.cc: 715  CMS_HWW_boosted_SR1a_mcstat_bin12_In 
INFO: (function: run) Combine.cc: 715  CMS_HWW_boosted_SR1a_mcstat_bin13_In 
INFO: (function: run) Combine.cc: 715  CMS_HWW_boosted_SR1a_mcstat_bin14_In 
INFO: (function: run) Combine.cc: 715  CMS_HWW_boosted_SR1a_mcstat_bin15_In 
INFO: (function: run) Combine.cc: 715  CMS_HWW_boosted_SR1a_mcstat_bin16_In 
INFO: (function: run) Combine.cc: 715  CMS_HWW_boosted_SR1a_mcstat_bin17_In 
INFO: (function: run) Combine.cc: 715  CMS_HWW_boosted_SR1a_mcstat_bin18_In 
INFO: (function: run) Combine.cc: 715  CMS_HWW_boosted_SR1a_mcstat_bin19_In 
INFO: (function: run) Combine.cc: 715  CMS_HWW_boosted_SR1a_mcstat_bin2_In 
INFO: (function: run) Combine.cc: 715  CMS_HWW_boosted_SR1a_mcstat_bin3_In 
INFO: (function: run) Combine.cc: 715  CMS_HWW_boosted_SR1a_mcstat_bin4_In 
INFO: (function: run) Combine.cc: 715  CMS_HWW_boosted_SR1a_mcstat_bin5_In 
INFO: (function: run) Combine.cc: 715  CMS_HWW_boosted_SR1a_mcstat_bin6_In 
INFO: (function: run) Combine.cc: 715  CMS_HWW_boosted_SR1a_mcstat_bin7_In 
INFO: (function: run) Combine.cc: 715  CMS_HWW_boosted_SR1a_mcstat_bin8_In 
INFO: (function: run) Combine.cc: 715  CMS_HWW_boosted_SR1a_mcstat_bin9_In 
INFO: (function: run) Combine.cc: 715  CMS_HWW_boosted_SR1b_mcstat_bin0_In 
INFO: (function: run) Combine.cc: 715  CMS_HWW_boosted_SR1b_mcstat_bin1_In 
INFO: (function: run) Combine.cc: 715  CMS_HWW_boosted_SR1b_mcstat_bin10_In 
INFO: (function: run) Combine.cc: 715  CMS_HWW_boosted_SR1b_mcstat_bin11_In 
INFO: (function: run) Combine.cc: 715  CMS_HWW_boosted_SR1b_mcstat_bin12_In 
INFO: (function: run) Combine.cc: 715  CMS_HWW_boosted_SR1b_mcstat_bin13_In 
INFO: (function: run) Combine.cc: 715  CMS_HWW_boosted_SR1b_mcstat_bin14_In 
INFO: (function: run) Combine.cc: 715  CMS_HWW_boosted_SR1b_mcstat_bin15_In 
INFO: (function: run) Combine.cc: 715  CMS_HWW_boosted_SR1b_mcstat_bin16_In 
INFO: (function: run) Combine.cc: 715  CMS_HWW_boosted_SR1b_mcstat_bin17_In 
INFO: (function: run) Combine.cc: 715  CMS_HWW_boosted_SR1b_mcstat_bin18_In 
INFO: (function: run) Combine.cc: 715  CMS_HWW_boosted_SR1b_mcstat_bin19_In 
INFO: (function: run) Combine.cc: 715  CMS_HWW_boosted_SR1b_mcstat_bin2_In 
INFO: (function: run) Combine.cc: 715  CMS_HWW_boosted_SR1b_mcstat_bin3_In 
INFO: (function: run) Combine.cc: 715  CMS_HWW_boosted_SR1b_mcstat_bin4_In 
INFO: (function: run) Combine.cc: 715  CMS_HWW_boosted_SR1b_mcstat_bin5_In 
INFO: (function: run) Combine.cc: 715  CMS_HWW_boosted_SR1b_mcstat_bin6_In 
INFO: (function: run) Combine.cc: 715  CMS_HWW_boosted_SR1b_mcstat_bin7_In 
INFO: (function: run) Combine.cc: 715  CMS_HWW_boosted_SR1b_mcstat_bin8_In 
INFO: (function: run) Combine.cc: 715  CMS_HWW_boosted_SR1b_mcstat_bin9_In 
INFO: (function: run) Combine.cc: 715  CMS_HWW_boosted_SR2a_WH_hww_mcstat_bin0_In 
INFO: (function: run) Combine.cc: 715  CMS_HWW_boosted_SR2a_WH_hww_mcstat_bin1_In 
INFO: (function: run) Combine.cc: 715  CMS_HWW_boosted_SR2a_WH_hww_mcstat_bin18_In 
INFO: (function: run) Combine.cc: 715  CMS_HWW_boosted_SR2a_WH_hww_mcstat_bin5_In 
INFO: (function: run) Combine.cc: 715  CMS_HWW_boosted_SR2a_ZH_hww_mcstat_bin0_In 
INFO: (function: run) Combine.cc: 715  CMS_HWW_boosted_SR2a_ZH_hww_mcstat_bin1_In 
INFO: (function: run) Combine.cc: 715  CMS_HWW_boosted_SR2a_ZH_hww_mcstat_bin18_In 
INFO: (function: run) Combine.cc: 715  CMS_HWW_boosted_SR2a_ZH_hww_mcstat_bin5_In 
INFO: (function: run) Combine.cc: 715  CMS_HWW_boosted_SR2a_ggH_hww_mcstat_bin0_In 
INFO: (function: run) Combine.cc: 715  CMS_HWW_boosted_SR2a_ggH_hww_mcstat_bin1_In 
INFO: (function: run) Combine.cc: 715  CMS_HWW_boosted_SR2a_ggH_hww_mcstat_bin5_In 
INFO: (function: run) Combine.cc: 715  CMS_HWW_boosted_SR2a_mcstat_bin10_In 
INFO: (function: run) Combine.cc: 715  CMS_HWW_boosted_SR2a_mcstat_bin11_In 
INFO: (function: run) Combine.cc: 715  CMS_HWW_boosted_SR2a_mcstat_bin12_In 
INFO: (function: run) Combine.cc: 715  CMS_HWW_boosted_SR2a_mcstat_bin13_In 
INFO: (function: run) Combine.cc: 715  CMS_HWW_boosted_SR2a_mcstat_bin14_In 
INFO: (function: run) Combine.cc: 715  CMS_HWW_boosted_SR2a_mcstat_bin15_In 
INFO: (function: run) Combine.cc: 715  CMS_HWW_boosted_SR2a_mcstat_bin16_In 
INFO: (function: run) Combine.cc: 715  CMS_HWW_boosted_SR2a_mcstat_bin17_In 
INFO: (function: run) Combine.cc: 715  CMS_HWW_boosted_SR2a_mcstat_bin19_In 
INFO: (function: run) Combine.cc: 715  CMS_HWW_boosted_SR2a_mcstat_bin2_In 
INFO: (function: run) Combine.cc: 715  CMS_HWW_boosted_SR2a_mcstat_bin3_In 
INFO: (function: run) Combine.cc: 715  CMS_HWW_boosted_SR2a_mcstat_bin4_In 
INFO: (function: run) Combine.cc: 715  CMS_HWW_boosted_SR2a_mcstat_bin6_In 
INFO: (function: run) Combine.cc: 715  CMS_HWW_boosted_SR2a_mcstat_bin7_In 
INFO: (function: run) Combine.cc: 715  CMS_HWW_boosted_SR2a_mcstat_bin8_In 
INFO: (function: run) Combine.cc: 715  CMS_HWW_boosted_SR2a_mcstat_bin9_In 
INFO: (function: run) Combine.cc: 715  CMS_HWW_boosted_SR2a_qqH_hww_mcstat_bin0_In 
INFO: (function: run) Combine.cc: 715  CMS_HWW_boosted_SR2a_qqH_hww_mcstat_bin1_In 
INFO: (function: run) Combine.cc: 715  CMS_HWW_boosted_SR2a_qqH_hww_mcstat_bin5_In 
INFO: (function: run) Combine.cc: 715  CMS_HWW_boosted_SR2a_rest_bkg_mcstat_bin1_In 
INFO: (function: run) Combine.cc: 715  CMS_HWW_boosted_SR2a_rest_bkg_mcstat_bin18_In 
INFO: (function: run) Combine.cc: 715  CMS_HWW_boosted_SR2a_rest_bkg_mcstat_bin5_In 
INFO: (function: run) Combine.cc: 715  CMS_HWW_boosted_SR2a_single_top_mcstat_bin18_In 
INFO: (function: run) Combine.cc: 715  CMS_HWW_boosted_SR2a_single_top_mcstat_bin5_In 
INFO: (function: run) Combine.cc: 715  CMS_HWW_boosted_SR2a_ttH_hww_mcstat_bin0_In 
INFO: (function: run) Combine.cc: 715  CMS_HWW_boosted_SR2a_ttH_hww_mcstat_bin1_In 
INFO: (function: run) Combine.cc: 715  CMS_HWW_boosted_SR2a_ttH_hww_mcstat_bin18_In 
INFO: (function: run) Combine.cc: 715  CMS_HWW_boosted_SR2a_ttH_hww_mcstat_bin5_In 
INFO: (function: run) Combine.cc: 715  CMS_HWW_boosted_SR2a_ttbar_mcstat_bin0_In 
INFO: (function: run) Combine.cc: 715  CMS_HWW_boosted_SR2a_ttbar_mcstat_bin1_In 
INFO: (function: run) Combine.cc: 715  CMS_HWW_boosted_SR2a_ttbar_mcstat_bin18_In 
INFO: (function: run) Combine.cc: 715  CMS_HWW_boosted_SR2a_ttbar_mcstat_bin5_In 
INFO: (function: run) Combine.cc: 715  CMS_HWW_boosted_SR2a_wjets_mcstat_bin0_In 
INFO: (function: run) Combine.cc: 715  CMS_HWW_boosted_SR2a_wjets_mcstat_bin1_In 
INFO: (function: run) Combine.cc: 715  CMS_HWW_boosted_SR2a_wjets_mcstat_bin18_In 
INFO: (function: run) Combine.cc: 715  CMS_HWW_boosted_SR2a_wjets_mcstat_bin5_In 
INFO: (function: run) Combine.cc: 715  CMS_HWW_boosted_SR2b_mcstat_bin0_In 
INFO: (function: run) Combine.cc: 715  CMS_HWW_boosted_SR2b_mcstat_bin1_In 
INFO: (function: run) Combine.cc: 715  CMS_HWW_boosted_SR2b_mcstat_bin10_In 
INFO: (function: run) Combine.cc: 715  CMS_HWW_boosted_SR2b_mcstat_bin11_In 
INFO: (function: run) Combine.cc: 715  CMS_HWW_boosted_SR2b_mcstat_bin12_In 
INFO: (function: run) Combine.cc: 715  CMS_HWW_boosted_SR2b_mcstat_bin13_In 
INFO: (function: run) Combine.cc: 715  CMS_HWW_boosted_SR2b_mcstat_bin14_In 
INFO: (function: run) Combine.cc: 715  CMS_HWW_boosted_SR2b_mcstat_bin15_In 
INFO: (function: run) Combine.cc: 715  CMS_HWW_boosted_SR2b_mcstat_bin16_In 
INFO: (function: run) Combine.cc: 715  CMS_HWW_boosted_SR2b_mcstat_bin17_In 
INFO: (function: run) Combine.cc: 715  CMS_HWW_boosted_SR2b_mcstat_bin18_In 
INFO: (function: run) Combine.cc: 715  CMS_HWW_boosted_SR2b_mcstat_bin19_In 
INFO: (function: run) Combine.cc: 715  CMS_HWW_boosted_SR2b_mcstat_bin2_In 
INFO: (function: run) Combine.cc: 715  CMS_HWW_boosted_SR2b_mcstat_bin3_In 
INFO: (function: run) Combine.cc: 715  CMS_HWW_boosted_SR2b_mcstat_bin4_In 
INFO: (function: run) Combine.cc: 715  CMS_HWW_boosted_SR2b_mcstat_bin5_In 
INFO: (function: run) Combine.cc: 715  CMS_HWW_boosted_SR2b_mcstat_bin6_In 
INFO: (function: run) Combine.cc: 715  CMS_HWW_boosted_SR2b_mcstat_bin7_In 
INFO: (function: run) Combine.cc: 715  CMS_HWW_boosted_SR2b_mcstat_bin8_In 
INFO: (function: run) Combine.cc: 715  CMS_HWW_boosted_SR2b_mcstat_bin9_In 
INFO: (function: run) Combine.cc: 715  CMS_HWW_boosted_electron_veto_In 
INFO: (function: run) Combine.cc: 715  CMS_HWW_boosted_jmr_2016_In 
INFO: (function: run) Combine.cc: 715  CMS_HWW_boosted_jmr_2016APV_In 
INFO: (function: run) Combine.cc: 715  CMS_HWW_boosted_jmr_2017_In 
INFO: (function: run) Combine.cc: 715  CMS_HWW_boosted_jmr_2018_In 
INFO: (function: run) Combine.cc: 715  CMS_HWW_boosted_jms_2016_In 
INFO: (function: run) Combine.cc: 715  CMS_HWW_boosted_jms_2016APV_In 
INFO: (function: run) Combine.cc: 715  CMS_HWW_boosted_jms_2017_In 
INFO: (function: run) Combine.cc: 715  CMS_HWW_boosted_jms_2018_In 
INFO: (function: run) Combine.cc: 715  CMS_HWW_boosted_lp_sf_region_a_In 
INFO: (function: run) Combine.cc: 715  CMS_HWW_boosted_lp_sf_region_b_In 
INFO: (function: run) Combine.cc: 715  CMS_HWW_boosted_muon_veto_In 
INFO: (function: run) Combine.cc: 715  CMS_HWW_boosted_rest_bkg_rate_In 
INFO: (function: run) Combine.cc: 715  CMS_HWW_boosted_single_top_rate_In 
INFO: (function: run) Combine.cc: 715  CMS_HWW_boosted_triggerEffSF_uncorrelated_In 
INFO: (function: run) Combine.cc: 715  CMS_HWW_boosted_ttbar_rate_In 
INFO: (function: run) Combine.cc: 715  CMS_HWW_boosted_wjets_rate_In 
INFO: (function: run) Combine.cc: 715  CMS_l1_ecal_prefiring_2016_In 
INFO: (function: run) Combine.cc: 715  CMS_l1_ecal_prefiring_2016APV_In 
INFO: (function: run) Combine.cc: 715  CMS_l1_ecal_prefiring_2017_In 
INFO: (function: run) Combine.cc: 715  CMS_pileup_2016_In 
INFO: (function: run) Combine.cc: 715  CMS_pileup_2016APV_In 
INFO: (function: run) Combine.cc: 715  CMS_pileup_2017_In 
INFO: (function: run) Combine.cc: 715  CMS_pileup_2018_In 
INFO: (function: run) Combine.cc: 715  CMS_res_j_2016_In 
INFO: (function: run) Combine.cc: 715  CMS_res_j_2016APV_In 
INFO: (function: run) Combine.cc: 715  CMS_res_j_2017_In 
INFO: (function: run) Combine.cc: 715  CMS_res_j_2018_In 
INFO: (function: run) Combine.cc: 715  CMS_scale_j_Abs_In 
INFO: (function: run) Combine.cc: 715  CMS_scale_j_Abs_2016_In 
INFO: (function: run) Combine.cc: 715  CMS_scale_j_Abs_2016APV_In 
INFO: (function: run) Combine.cc: 715  CMS_scale_j_Abs_2017_In 
INFO: (function: run) Combine.cc: 715  CMS_scale_j_Abs_2018_In 
INFO: (function: run) Combine.cc: 715  CMS_scale_j_BBEC1_In 
INFO: (function: run) Combine.cc: 715  CMS_scale_j_BBEC1_2016_In 
INFO: (function: run) Combine.cc: 715  CMS_scale_j_BBEC1_2016APV_In 
INFO: (function: run) Combine.cc: 715  CMS_scale_j_BBEC1_2017_In 
INFO: (function: run) Combine.cc: 715  CMS_scale_j_BBEC1_2018_In 
INFO: (function: run) Combine.cc: 715  CMS_scale_j_EC2_In 
INFO: (function: run) Combine.cc: 715  CMS_scale_j_EC2_2016_In 
INFO: (function: run) Combine.cc: 715  CMS_scale_j_EC2_2016APV_In 
INFO: (function: run) Combine.cc: 715  CMS_scale_j_EC2_2017_In 
INFO: (function: run) Combine.cc: 715  CMS_scale_j_EC2_2018_In 
INFO: (function: run) Combine.cc: 715  CMS_scale_j_FlavQCD_In 
INFO: (function: run) Combine.cc: 715  CMS_scale_j_HF_In 
INFO: (function: run) Combine.cc: 715  CMS_scale_j_HF_2016_In 
INFO: (function: run) Combine.cc: 715  CMS_scale_j_HF_2016APV_In 
INFO: (function: run) Combine.cc: 715  CMS_scale_j_HF_2017_In 
INFO: (function: run) Combine.cc: 715  CMS_scale_j_HF_2018_In 
INFO: (function: run) Combine.cc: 715  CMS_scale_j_RelBal_In 
INFO: (function: run) Combine.cc: 715  CMS_scale_j_RelSample_2016_In 
INFO: (function: run) Combine.cc: 715  CMS_scale_j_RelSample_2016APV_In 
INFO: (function: run) Combine.cc: 715  CMS_scale_j_RelSample_2017_In 
INFO: (function: run) Combine.cc: 715  CMS_scale_j_RelSample_2018_In 
INFO: (function: run) Combine.cc: 715  PDF_WH_ACCEPT_CMS_HWW_boosted_In 
INFO: (function: run) Combine.cc: 715  PDF_ZH_ACCEPT_CMS_HWW_boosted_In 
INFO: (function: run) Combine.cc: 715  PDF_ggH_ACCEPT_CMS_HWW_boosted_In 
INFO: (function: run) Combine.cc: 715  PDF_qqH_ACCEPT_CMS_HWW_boosted_In 
INFO: (function: run) Combine.cc: 715  PDF_single_top_ACCEPT_CMS_HWW_boosted_In 
INFO: (function: run) Combine.cc: 715  PDF_ttH_ACCEPT_CMS_HWW_boosted_In 
INFO: (function: run) Combine.cc: 715  PDF_ttbar_ACCEPT_CMS_HWW_boosted_In 
INFO: (function: run) Combine.cc: 715  PDF_wjets_ACCEPT_CMS_HWW_boosted_In 
INFO: (function: run) Combine.cc: 715  QCDscale_WH_In 
INFO: (function: run) Combine.cc: 715  QCDscale_WH_ACCEPT_CMS_HWW_boosted_In 
INFO: (function: run) Combine.cc: 715  QCDscale_ZH_In 
INFO: (function: run) Combine.cc: 715  QCDscale_ZH_ACCEPT_CMS_HWW_boosted_In 
INFO: (function: run) Combine.cc: 715  QCDscale_ggH_In 
INFO: (function: run) Combine.cc: 715  QCDscale_ggH_ACCEPT_CMS_HWW_boosted_In 
INFO: (function: run) Combine.cc: 715  QCDscale_qqH_In 
INFO: (function: run) Combine.cc: 715  QCDscale_qqH_ACCEPT_CMS_HWW_boosted_In 
INFO: (function: run) Combine.cc: 715  QCDscale_rest_bkg_In 
INFO: (function: run) Combine.cc: 715  QCDscale_single_top_In 
INFO: (function: run) Combine.cc: 715  QCDscale_single_top_ACCEPT_CMS_HWW_boosted_In 
INFO: (function: run) Combine.cc: 715  QCDscale_ttH_In 
INFO: (function: run) Combine.cc: 715  QCDscale_ttH_ACCEPT_CMS_HWW_boosted_In 
INFO: (function: run) Combine.cc: 715  QCDscale_ttbar_In 
INFO: (function: run) Combine.cc: 715  QCDscale_ttbar_ACCEPT_CMS_HWW_boosted_In 
INFO: (function: run) Combine.cc: 715  QCDscale_wjets_In 
INFO: (function: run) Combine.cc: 715  QCDscale_wjets_ACCEPT_CMS_HWW_boosted_In 
INFO: (function: run) Combine.cc: 715  alpha_s_In 
INFO: (function: run) Combine.cc: 715  lumi_13TeV_1718_In 
INFO: (function: run) Combine.cc: 715  lumi_13TeV_2016_In 
INFO: (function: run) Combine.cc: 715  lumi_13TeV_2017_In 
INFO: (function: run) Combine.cc: 715  lumi_13TeV_2018_In 
INFO: (function: run) Combine.cc: 715  lumi_13TeV_correlated_In 
INFO: (function: run) Combine.cc: 715  pdf_Higgs_WH_In 
INFO: (function: run) Combine.cc: 715  pdf_Higgs_ZH_In 
INFO: (function: run) Combine.cc: 715  pdf_Higgs_ggH_In 
INFO: (function: run) Combine.cc: 715  pdf_Higgs_qqH_In 
INFO: (function: run) Combine.cc: 715  pdf_Higgs_ttH_In 
INFO: (function: run) Combine.cc: 715  pdf_rest_bkg_In 
INFO: (function: run) Combine.cc: 715  pdf_single_top_In 
INFO: (function: run) Combine.cc: 715  pdf_ttbar_In 
INFO: (function: run) Combine.cc: 715  pdf_wjets_In 
INFO: (function: run) Combine.cc: 715  ps_fsr_WH_In 
INFO: (function: run) Combine.cc: 715  ps_fsr_ZH_In 
INFO: (function: run) Combine.cc: 715  ps_fsr_ggH_In 
INFO: (function: run) Combine.cc: 715  ps_fsr_qqH_In 
INFO: (function: run) Combine.cc: 715  ps_fsr_rest_bkg_In 
INFO: (function: run) Combine.cc: 715  ps_fsr_single_top_In 
INFO: (function: run) Combine.cc: 715  ps_fsr_ttH_In 
INFO: (function: run) Combine.cc: 715  ps_fsr_ttbar_In 
INFO: (function: run) Combine.cc: 715  ps_fsr_wjets_In 
INFO: (function: run) Combine.cc: 715  ps_isr_WH_In 
INFO: (function: run) Combine.cc: 715  ps_isr_ZH_In 
INFO: (function: run) Combine.cc: 715  ps_isr_ggH_In 
INFO: (function: run) Combine.cc: 715  ps_isr_qqH_In 
INFO: (function: run) Combine.cc: 715  ps_isr_rest_bkg_In 
INFO: (function: run) Combine.cc: 715  ps_isr_single_top_In 
INFO: (function: run) Combine.cc: 715  ps_isr_ttH_In 
INFO: (function: run) Combine.cc: 715  ps_isr_ttbar_In 
INFO: (function: run) Combine.cc: 715  ps_isr_wjets_In 
INFO: (function: run) Combine.cc: 715  unclustered_Energy_In 
INFO: (function: run) Combine.cc: 715  shapeBkg_ttbar_CR1__norm 
INFO: (function: run) Combine.cc: 715  shapeBkg_single_top_CR1__norm 
INFO: (function: run) Combine.cc: 715  shapeBkg_wjets_CR1__norm 
INFO: (function: run) Combine.cc: 715  shapeBkg_rest_bkg_CR1__norm 
INFO: (function: run) Combine.cc: 715  shapeBkg_ttbar_CR1Blinded__norm 
INFO: (function: run) Combine.cc: 715  shapeBkg_single_top_CR1Blinded__norm 
INFO: (function: run) Combine.cc: 715  shapeBkg_wjets_CR1Blinded__norm 
INFO: (function: run) Combine.cc: 715  shapeBkg_rest_bkg_CR1Blinded__norm 
INFO: (function: run) Combine.cc: 715  shapeSig_ggH_hww_SR1a__norm 
INFO: (function: run) Combine.cc: 715  shapeSig_qqH_hww_SR1a__norm 
INFO: (function: run) Combine.cc: 715  shapeSig_WH_hww_SR1a__norm 
INFO: (function: run) Combine.cc: 715  shapeSig_ZH_hww_SR1a__norm 
INFO: (function: run) Combine.cc: 715  shapeSig_ttH_hww_SR1a__norm 
INFO: (function: run) Combine.cc: 715  shapeBkg_ttbar_SR1a__norm 
INFO: (function: run) Combine.cc: 715  shapeBkg_single_top_SR1a__norm 
INFO: (function: run) Combine.cc: 715  shapeBkg_wjets_SR1a__norm 
INFO: (function: run) Combine.cc: 715  shapeBkg_rest_bkg_SR1a__norm 
INFO: (function: run) Combine.cc: 715  shapeSig_ggH_hww_SR1aBlinded__norm 
INFO: (function: run) Combine.cc: 715  shapeSig_qqH_hww_SR1aBlinded__norm 
INFO: (function: run) Combine.cc: 715  shapeSig_WH_hww_SR1aBlinded__norm 
INFO: (function: run) Combine.cc: 715  shapeSig_ZH_hww_SR1aBlinded__norm 
INFO: (function: run) Combine.cc: 715  shapeSig_ttH_hww_SR1aBlinded__norm 
INFO: (function: run) Combine.cc: 715  shapeBkg_ttbar_SR1aBlinded__norm 
INFO: (function: run) Combine.cc: 715  shapeBkg_single_top_SR1aBlinded__norm 
INFO: (function: run) Combine.cc: 715  shapeBkg_wjets_SR1aBlinded__norm 
INFO: (function: run) Combine.cc: 715  shapeBkg_rest_bkg_SR1aBlinded__norm 
INFO: (function: run) Combine.cc: 715  shapeSig_ggH_hww_SR1b__norm 
INFO: (function: run) Combine.cc: 715  shapeSig_qqH_hww_SR1b__norm 
INFO: (function: run) Combine.cc: 715  shapeSig_WH_hww_SR1b__norm 
INFO: (function: run) Combine.cc: 715  shapeSig_ZH_hww_SR1b__norm 
INFO: (function: run) Combine.cc: 715  shapeSig_ttH_hww_SR1b__norm 
INFO: (function: run) Combine.cc: 715  shapeBkg_ttbar_SR1b__norm 
INFO: (function: run) Combine.cc: 715  shapeBkg_single_top_SR1b__norm 
INFO: (function: run) Combine.cc: 715  shapeBkg_wjets_SR1b__norm 
INFO: (function: run) Combine.cc: 715  shapeBkg_rest_bkg_SR1b__norm 
INFO: (function: run) Combine.cc: 715  shapeSig_ggH_hww_SR1bBlinded__norm 
INFO: (function: run) Combine.cc: 715  shapeSig_qqH_hww_SR1bBlinded__norm 
INFO: (function: run) Combine.cc: 715  shapeSig_WH_hww_SR1bBlinded__norm 
INFO: (function: run) Combine.cc: 715  shapeSig_ZH_hww_SR1bBlinded__norm 
INFO: (function: run) Combine.cc: 715  shapeSig_ttH_hww_SR1bBlinded__norm 
INFO: (function: run) Combine.cc: 715  shapeBkg_ttbar_SR1bBlinded__norm 
INFO: (function: run) Combine.cc: 715  shapeBkg_single_top_SR1bBlinded__norm 
INFO: (function: run) Combine.cc: 715  shapeBkg_wjets_SR1bBlinded__norm 
INFO: (function: run) Combine.cc: 715  shapeBkg_rest_bkg_SR1bBlinded__norm 
INFO: (function: run) Combine.cc: 715  shapeBkg_ttbar_CR2__norm 
INFO: (function: run) Combine.cc: 715  shapeBkg_single_top_CR2__norm 
INFO: (function: run) Combine.cc: 715  shapeBkg_wjets_CR2__norm 
INFO: (function: run) Combine.cc: 715  shapeBkg_rest_bkg_CR2__norm 
INFO: (function: run) Combine.cc: 715  shapeBkg_ttbar_CR2Blinded__norm 
INFO: (function: run) Combine.cc: 715  shapeBkg_single_top_CR2Blinded__norm 
INFO: (function: run) Combine.cc: 715  shapeBkg_wjets_CR2Blinded__norm 
INFO: (function: run) Combine.cc: 715  shapeBkg_rest_bkg_CR2Blinded__norm 
INFO: (function: run) Combine.cc: 715  shapeSig_ggH_hww_SR2a__norm 
INFO: (function: run) Combine.cc: 715  shapeSig_qqH_hww_SR2a__norm 
INFO: (function: run) Combine.cc: 715  shapeSig_WH_hww_SR2a__norm 
INFO: (function: run) Combine.cc: 715  shapeSig_ZH_hww_SR2a__norm 
INFO: (function: run) Combine.cc: 715  shapeSig_ttH_hww_SR2a__norm 
INFO: (function: run) Combine.cc: 715  shapeBkg_ttbar_SR2a__norm 
INFO: (function: run) Combine.cc: 715  shapeBkg_single_top_SR2a__norm 
INFO: (function: run) Combine.cc: 715  shapeBkg_wjets_SR2a__norm 
INFO: (function: run) Combine.cc: 715  shapeBkg_rest_bkg_SR2a__norm 
INFO: (function: run) Combine.cc: 715  shapeSig_ggH_hww_SR2aBlinded__norm 
INFO: (function: run) Combine.cc: 715  shapeSig_qqH_hww_SR2aBlinded__norm 
INFO: (function: run) Combine.cc: 715  shapeSig_WH_hww_SR2aBlinded__norm 
INFO: (function: run) Combine.cc: 715  shapeSig_ZH_hww_SR2aBlinded__norm 
INFO: (function: run) Combine.cc: 715  shapeSig_ttH_hww_SR2aBlinded__norm 
INFO: (function: run) Combine.cc: 715  shapeBkg_ttbar_SR2aBlinded__norm 
INFO: (function: run) Combine.cc: 715  shapeBkg_single_top_SR2aBlinded__norm 
INFO: (function: run) Combine.cc: 715  shapeBkg_wjets_SR2aBlinded__norm 
INFO: (function: run) Combine.cc: 715  shapeBkg_rest_bkg_SR2aBlinded__norm 
INFO: (function: run) Combine.cc: 715  shapeSig_ggH_hww_SR2b__norm 
INFO: (function: run) Combine.cc: 715  shapeSig_qqH_hww_SR2b__norm 
INFO: (function: run) Combine.cc: 715  shapeSig_WH_hww_SR2b__norm 
INFO: (function: run) Combine.cc: 715  shapeSig_ZH_hww_SR2b__norm 
INFO: (function: run) Combine.cc: 715  shapeSig_ttH_hww_SR2b__norm 
INFO: (function: run) Combine.cc: 715  shapeBkg_ttbar_SR2b__norm 
INFO: (function: run) Combine.cc: 715  shapeBkg_single_top_SR2b__norm 
INFO: (function: run) Combine.cc: 715  shapeBkg_wjets_SR2b__norm 
INFO: (function: run) Combine.cc: 715  shapeBkg_rest_bkg_SR2b__norm 
INFO: (function: run) Combine.cc: 715  shapeSig_ggH_hww_SR2bBlinded__norm 
INFO: (function: run) Combine.cc: 715  shapeSig_qqH_hww_SR2bBlinded__norm 
INFO: (function: run) Combine.cc: 715  shapeSig_WH_hww_SR2bBlinded__norm 
INFO: (function: run) Combine.cc: 715  shapeSig_ZH_hww_SR2bBlinded__norm 
INFO: (function: run) Combine.cc: 715  shapeSig_ttH_hww_SR2bBlinded__norm 
INFO: (function: run) Combine.cc: 715  shapeBkg_ttbar_SR2bBlinded__norm 
INFO: (function: run) Combine.cc: 715  shapeBkg_single_top_SR2bBlinded__norm 
INFO: (function: run) Combine.cc: 715  shapeBkg_wjets_SR2bBlinded__norm 
INFO: (function: run) Combine.cc: 715  shapeBkg_rest_bkg_SR2bBlinded__norm 
INFO: (function: run) Combine.cc: 715  n_exp_binCR1_proc_CMS_HWW_boosted_qcd_datadriven 
INFO: (function: run) Combine.cc: 715  n_exp_binCR1Blinded_proc_CMS_HWW_boosted_qcd_datadriven 
INFO: (function: run) Combine.cc: 715  n_exp_binSR1a_proc_CMS_HWW_boosted_qcd_datadriven 
INFO: (function: run) Combine.cc: 715  n_exp_binSR1aBlinded_proc_CMS_HWW_boosted_qcd_datadriven 
INFO: (function: run) Combine.cc: 715  n_exp_binSR1b_proc_CMS_HWW_boosted_qcd_datadriven 
INFO: (function: run) Combine.cc: 715  n_exp_binSR1bBlinded_proc_CMS_HWW_boosted_qcd_datadriven 
INFO: (function: run) Combine.cc: 715  n_exp_binCR2_proc_CMS_HWW_boosted_qcd_datadriven 
INFO: (function: run) Combine.cc: 715  n_exp_binCR2Blinded_proc_CMS_HWW_boosted_qcd_datadriven 
INFO: (function: run) Combine.cc: 715  n_exp_binSR2a_proc_CMS_HWW_boosted_qcd_datadriven 
INFO: (function: run) Combine.cc: 715  n_exp_binSR2aBlinded_proc_CMS_HWW_boosted_qcd_datadriven 
INFO: (function: run) Combine.cc: 715  n_exp_binSR2b_proc_CMS_HWW_boosted_qcd_datadriven 
INFO: (function: run) Combine.cc: 715  n_exp_binSR2bBlinded_proc_CMS_HWW_boosted_qcd_datadriven 
INFO: (function: generateAsimov) ToyMCSamplerOpt.cc: 146 -- Using internal logic for binned/unbinned Asimov dataset generation
INFO: (function: generateWithHisto) ToyMCSamplerOpt.cc: 221 -- Generating asimov with histogram for pdf pdf_binCR1_obsOnly: in 20 x-bins
INFO: (function: generateAsimov) ToyMCSamplerOpt.cc: 146 -- Using internal logic for binned/unbinned Asimov dataset generation
INFO: (function: generateWithHisto) ToyMCSamplerOpt.cc: 221 -- Generating asimov with histogram for pdf pdf_binCR1Blinded_obsOnly: in 20 x-bins
INFO: (function: generateAsimov) ToyMCSamplerOpt.cc: 146 -- Using internal logic for binned/unbinned Asimov dataset generation
INFO: (function: generateWithHisto) ToyMCSamplerOpt.cc: 221 -- Generating asimov with histogram for pdf pdf_binSR1a_obsOnly: in 20 x-bins
INFO: (function: generateAsimov) ToyMCSamplerOpt.cc: 146 -- Using internal logic for binned/unbinned Asimov dataset generation
INFO: (function: generateWithHisto) ToyMCSamplerOpt.cc: 221 -- Generating asimov with histogram for pdf pdf_binSR1aBlinded_obsOnly: in 20 x-bins
INFO: (function: generateAsimov) ToyMCSamplerOpt.cc: 146 -- Using internal logic for binned/unbinned Asimov dataset generation
INFO: (function: generateWithHisto) ToyMCSamplerOpt.cc: 221 -- Generating asimov with histogram for pdf pdf_binSR1b_obsOnly: in 20 x-bins
INFO: (function: generateAsimov) ToyMCSamplerOpt.cc: 146 -- Using internal logic for binned/unbinned Asimov dataset generation
INFO: (function: generateWithHisto) ToyMCSamplerOpt.cc: 221 -- Generating asimov with histogram for pdf pdf_binSR1bBlinded_obsOnly: in 20 x-bins
INFO: (function: generateAsimov) ToyMCSamplerOpt.cc: 146 -- Using internal logic for binned/unbinned Asimov dataset generation
INFO: (function: generateWithHisto) ToyMCSamplerOpt.cc: 221 -- Generating asimov with histogram for pdf pdf_binCR2_obsOnly: in 20 x-bins
INFO: (function: generateAsimov) ToyMCSamplerOpt.cc: 146 -- Using internal logic for binned/unbinned Asimov dataset generation
INFO: (function: generateWithHisto) ToyMCSamplerOpt.cc: 221 -- Generating asimov with histogram for pdf pdf_binCR2Blinded_obsOnly: in 20 x-bins
INFO: (function: generateAsimov) ToyMCSamplerOpt.cc: 146 -- Using internal logic for binned/unbinned Asimov dataset generation
INFO: (function: generateWithHisto) ToyMCSamplerOpt.cc: 221 -- Generating asimov with histogram for pdf pdf_binSR2a_obsOnly: in 20 x-bins
INFO: (function: generateAsimov) ToyMCSamplerOpt.cc: 146 -- Using internal logic for binned/unbinned Asimov dataset generation
INFO: (function: generateWithHisto) ToyMCSamplerOpt.cc: 221 -- Generating asimov with histogram for pdf pdf_binSR2aBlinded_obsOnly: in 20 x-bins
INFO: (function: generateAsimov) ToyMCSamplerOpt.cc: 146 -- Using internal logic for binned/unbinned Asimov dataset generation
INFO: (function: generateWithHisto) ToyMCSamplerOpt.cc: 221 -- Generating asimov with histogram for pdf pdf_binSR2b_obsOnly: in 20 x-bins
INFO: (function: generateAsimov) ToyMCSamplerOpt.cc: 146 -- Using internal logic for binned/unbinned Asimov dataset generation
INFO: (function: generateWithHisto) ToyMCSamplerOpt.cc: 221 -- Generating asimov with histogram for pdf pdf_binSR2bBlinded_obsOnly: in 20 x-bins
INFO: (function: improveOnce) CascadeMinimizer.cc: 188 -- Minimisation configured with Type=Minuit2, Algo=Migrad, strategy=0, tolerance=0.1
INFO: (function: improveOnce) CascadeMinimizer.cc: 211 -- Minimisation finished with status=0
INFO: (function: improveOnce) CascadeMinimizer.cc: 216 -- Minimization success! status=0
INFO: (function: doFit) FitterAlgoBase.cc: 360 -- Running RobustFit for POI r. Configured with strategy 0  
INFO: (function: findCrossing) FitterAlgoBase.cc: 406 -- Searching for crossing at nll = 0.494473, in the interval 0.999959 < r < 40
INFO: (function: improveOnce) CascadeMinimizer.cc: 188 -- Minimisation configured with Type=Minuit2, Algo=Migrad, strategy=0, tolerance=0.1
INFO: (function: improveOnce) CascadeMinimizer.cc: 211 -- Minimisation finished with status=0
INFO: (function: improveOnce) CascadeMinimizer.cc: 216 -- Minimization success! status=0
INFO: (function: findCrossing) FitterAlgoBase.cc: 427 -- r lvl-here lvl-there 	stepping 
INFO: (function: improveOnce) CascadeMinimizer.cc: 188 -- Minimisation configured with Type=Minuit2, Algo=Migrad, strategy=0, tolerance=0.1
INFO: (function: improveOnce) CascadeMinimizer.cc: 211 -- Minimisation finished with status=0
INFO: (function: improveOnce) CascadeMinimizer.cc: 216 -- Minimization success! status=0
INFO: (function: findCrossing) FitterAlgoBase.cc: 460 -- 4.899963    -0.30839  +0.49447    3.900004
INFO: (function: improveOnce) CascadeMinimizer.cc: 188 -- Minimisation configured with Type=Minuit2, Algo=Migrad, strategy=0, tolerance=0.1
INFO: (function: improveOnce) CascadeMinimizer.cc: 211 -- Minimisation finished with status=0
INFO: (function: improveOnce) CascadeMinimizer.cc: 216 -- Minimization success! status=0
INFO: (function: findCrossing) FitterAlgoBase.cc: 460 -- 2.169960    +0.39563  -0.30839    1.170001
INFO: (function: improveOnce) CascadeMinimizer.cc: 188 -- Minimisation configured with Type=Minuit2, Algo=Migrad, strategy=0, tolerance=0.1
INFO: (function: improveOnce) CascadeMinimizer.cc: 211 -- Minimisation finished with status=0
INFO: (function: improveOnce) CascadeMinimizer.cc: 216 -- Minimization success! status=0
INFO: (function: findCrossing) FitterAlgoBase.cc: 460 -- 3.339961    +0.16565  +0.39563    1.170001
INFO: (function: improveOnce) CascadeMinimizer.cc: 188 -- Minimisation configured with Type=Minuit2, Algo=Migrad, strategy=0, tolerance=0.1
INFO: (function: improveOnce) CascadeMinimizer.cc: 211 -- Minimisation finished with status=0
INFO: (function: improveOnce) CascadeMinimizer.cc: 216 -- Minimization success! status=0
INFO: (function: findCrossing) FitterAlgoBase.cc: 460 -- 4.509963    -0.17960  +0.16565    1.170001
INFO: (function: improveOnce) CascadeMinimizer.cc: 188 -- Minimisation configured with Type=Minuit2, Algo=Migrad, strategy=0, tolerance=0.1
INFO: (function: improveOnce) CascadeMinimizer.cc: 211 -- Minimisation finished with status=0
INFO: (function: improveOnce) CascadeMinimizer.cc: 216 -- Minimization success! status=0
INFO: (function: findCrossing) FitterAlgoBase.cc: 460 -- 3.690962    +0.07035  -0.17960    0.351000
INFO: (function: improveOnce) CascadeMinimizer.cc: 188 -- Minimisation configured with Type=Minuit2, Algo=Migrad, strategy=0, tolerance=0.1
INFO: (function: improveOnce) CascadeMinimizer.cc: 211 -- Minimisation finished with status=0
INFO: (function: improveOnce) CascadeMinimizer.cc: 216 -- Minimization success! status=0
INFO: (function: findCrossing) FitterAlgoBase.cc: 460 -- 4.041962    -0.02342  +0.07035    0.351000
INFO: (function: improveOnce) CascadeMinimizer.cc: 188 -- Minimisation configured with Type=Minuit2, Algo=Migrad, strategy=0, tolerance=0.1
INFO: (function: improveOnce) CascadeMinimizer.cc: 211 -- Minimisation finished with status=0
INFO: (function: improveOnce) CascadeMinimizer.cc: 216 -- Minimization success! status=0
INFO: (function: findCrossing) FitterAlgoBase.cc: 460 -- 3.796262    +0.05128  -0.02342    0.105300
INFO: (function: improveOnce) CascadeMinimizer.cc: 188 -- Minimisation configured with Type=Minuit2, Algo=Migrad, strategy=0, tolerance=0.1
INFO: (function: improveOnce) CascadeMinimizer.cc: 211 -- Minimisation finished with status=0
INFO: (function: improveOnce) CascadeMinimizer.cc: 216 -- Minimization success! status=0
INFO: (function: findCrossing) FitterAlgoBase.cc: 460 -- 3.901562    +0.02178  +0.05128    0.105300
INFO: (function: improveOnce) CascadeMinimizer.cc: 188 -- Minimisation configured with Type=Minuit2, Algo=Migrad, strategy=0, tolerance=0.1
INFO: (function: improveOnce) CascadeMinimizer.cc: 211 -- Minimisation finished with status=0
INFO: (function: improveOnce) CascadeMinimizer.cc: 216 -- Minimization success! status=0
INFO: (function: findCrossing) FitterAlgoBase.cc: 460 -- 4.006862    -0.00989  +0.02178    0.105300
INFO: (function: improveOnce) CascadeMinimizer.cc: 188 -- Minimisation configured with Type=Minuit2, Algo=Migrad, strategy=0, tolerance=0.1
INFO: (function: improveOnce) CascadeMinimizer.cc: 211 -- Minimisation finished with status=0
INFO: (function: improveOnce) CascadeMinimizer.cc: 216 -- Minimization success! status=0
INFO: (function: findCrossing) FitterAlgoBase.cc: 460 -- 3.933152    +0.01260  -0.00989    0.031590
INFO: (function: improveOnce) CascadeMinimizer.cc: 188 -- Minimisation configured with Type=Minuit2, Algo=Migrad, strategy=0, tolerance=0.1
INFO: (function: improveOnce) CascadeMinimizer.cc: 211 -- Minimisation finished with status=0
INFO: (function: improveOnce) CascadeMinimizer.cc: 216 -- Minimization success! status=0
INFO: (function: findCrossing) FitterAlgoBase.cc: 460 -- 3.964742    +0.00311  +0.01260    0.031590
INFO: (function: improveOnce) CascadeMinimizer.cc: 188 -- Minimisation configured with Type=Minuit2, Algo=Migrad, strategy=0, tolerance=0.1
INFO: (function: improveOnce) CascadeMinimizer.cc: 211 -- Minimisation finished with status=0
INFO: (function: improveOnce) CascadeMinimizer.cc: 216 -- Minimization success! status=0
INFO: (function: findCrossing) FitterAlgoBase.cc: 460 -- 3.996332    -0.00648  +0.00311    0.031590
INFO: (function: improveOnce) CascadeMinimizer.cc: 188 -- Minimisation configured with Type=Minuit2, Algo=Migrad, strategy=0, tolerance=0.1
INFO: (function: improveOnce) CascadeMinimizer.cc: 211 -- Minimisation finished with status=0
INFO: (function: improveOnce) CascadeMinimizer.cc: 216 -- Minimization success! status=0
INFO: (function: findCrossing) FitterAlgoBase.cc: 460 -- 3.974219    +0.00035  -0.00648    0.009477
INFO: (function: findCrossing) FitterAlgoBase.cc: 406 -- Searching for crossing at nll = 0.494473, in the interval 0.999959 < r < -40
INFO: (function: improveOnce) CascadeMinimizer.cc: 188 -- Minimisation configured with Type=Minuit2, Algo=Migrad, strategy=0, tolerance=0.1
INFO: (function: improveOnce) CascadeMinimizer.cc: 211 -- Minimisation finished with status=0
INFO: (function: improveOnce) CascadeMinimizer.cc: 216 -- Minimization success! status=0
INFO: (function: findCrossing) FitterAlgoBase.cc: 427 -- r lvl-here lvl-there 	stepping 
INFO: (function: improveOnce) CascadeMinimizer.cc: 188 -- Minimisation configured with Type=Minuit2, Algo=Migrad, strategy=0, tolerance=0.1
INFO: (function: improveOnce) CascadeMinimizer.cc: 211 -- Minimisation finished with status=0
INFO: (function: improveOnce) CascadeMinimizer.cc: 216 -- Minimization success! status=0
INFO: (function: findCrossing) FitterAlgoBase.cc: 460 -- -3.100037    -0.77183  +0.49447    -4.099996
INFO: (function: improveOnce) CascadeMinimizer.cc: 188 -- Minimisation configured with Type=Minuit2, Algo=Migrad, strategy=0, tolerance=0.1
INFO: (function: improveOnce) CascadeMinimizer.cc: 211 -- Minimisation finished with status=0
INFO: (function: improveOnce) CascadeMinimizer.cc: 216 -- Minimization success! status=0
INFO: (function: findCrossing) FitterAlgoBase.cc: 460 -- -0.230040    +0.37375  -0.77183    -1.229999
INFO: (function: improveOnce) CascadeMinimizer.cc: 188 -- Minimisation configured with Type=Minuit2, Algo=Migrad, strategy=0, tolerance=0.1
INFO: (function: improveOnce) CascadeMinimizer.cc: 211 -- Minimisation finished with status=0
INFO: (function: improveOnce) CascadeMinimizer.cc: 216 -- Minimization success! status=0
INFO: (function: findCrossing) FitterAlgoBase.cc: 460 -- -1.460039    +0.01487  +0.37375    -1.229999
INFO: (function: improveOnce) CascadeMinimizer.cc: 188 -- Minimisation configured with Type=Minuit2, Algo=Migrad, strategy=0, tolerance=0.1
INFO: (function: improveOnce) CascadeMinimizer.cc: 211 -- Minimisation finished with status=0
INFO: (function: improveOnce) CascadeMinimizer.cc: 216 -- Minimization success! status=0
INFO: (function: findCrossing) FitterAlgoBase.cc: 460 -- -2.690037    -0.54947  +0.01487    -1.229999
INFO: (function: improveOnce) CascadeMinimizer.cc: 188 -- Minimisation configured with Type=Minuit2, Algo=Migrad, strategy=0, tolerance=0.1
INFO: (function: improveOnce) CascadeMinimizer.cc: 211 -- Minimisation finished with status=0
INFO: (function: improveOnce) CascadeMinimizer.cc: 216 -- Minimization success! status=0
INFO: (function: findCrossing) FitterAlgoBase.cc: 460 -- -1.829038    -0.13690  -0.54947    -0.369000
INFO: (function: improveOnce) CascadeMinimizer.cc: 188 -- Minimisation configured with Type=Minuit2, Algo=Migrad, strategy=0, tolerance=0.1
INFO: (function: improveOnce) CascadeMinimizer.cc: 211 -- Minimisation finished with status=0
INFO: (function: improveOnce) CascadeMinimizer.cc: 216 -- Minimization success! status=0
INFO: (function: findCrossing) FitterAlgoBase.cc: 460 -- -1.570739    -0.02819  -0.13690    -0.110700
INFO: (function: improveOnce) CascadeMinimizer.cc: 188 -- Minimisation configured with Type=Minuit2, Algo=Migrad, strategy=0, tolerance=0.1
INFO: (function: improveOnce) CascadeMinimizer.cc: 211 -- Minimisation finished with status=0
INFO: (function: improveOnce) CascadeMinimizer.cc: 216 -- Minimization success! status=0
INFO: (function: findCrossing) FitterAlgoBase.cc: 460 -- -1.493249    +0.00229  -0.02819    -0.033210
INFO: (function: improveOnce) CascadeMinimizer.cc: 188 -- Minimisation configured with Type=Minuit2, Algo=Migrad, strategy=0, tolerance=0.1
INFO: (function: improveOnce) CascadeMinimizer.cc: 211 -- Minimisation finished with status=0
INFO: (function: improveOnce) CascadeMinimizer.cc: 216 -- Minimization success! status=0
INFO: (function: findCrossing) FitterAlgoBase.cc: 460 -- -1.526459    -0.01052  +0.00229    -0.033210
INFO: (function: improveOnce) CascadeMinimizer.cc: 188 -- Minimisation configured with Type=Minuit2, Algo=Migrad, strategy=0, tolerance=0.1
INFO: (function: improveOnce) CascadeMinimizer.cc: 211 -- Minimisation finished with status=0
INFO: (function: improveOnce) CascadeMinimizer.cc: 216 -- Minimization success! status=0
INFO: (function: findCrossing) FitterAlgoBase.cc: 460 -- -1.503212    -0.00048  -0.01052    -0.009963
INFO: (function: improveOnce) CascadeMinimizer.cc: 188 -- Minimisation configured with Type=Minuit2, Algo=Migrad, strategy=0, tolerance=0.1
INFO: (function: improveOnce) CascadeMinimizer.cc: 211 -- Minimisation finished with status=0
INFO: (function: improveOnce) CascadeMinimizer.cc: 216 -- Minimization success! status=0
INFO: (function: findCrossing) FitterAlgoBase.cc: 460 -- -1.496238    +0.00125  -0.00048    -0.002989
INFO: (function: improveOnce) CascadeMinimizer.cc: 188 -- Minimisation configured with Type=Minuit2, Algo=Migrad, strategy=0, tolerance=0.1
INFO: (function: improveOnce) CascadeMinimizer.cc: 211 -- Minimisation finished with status=0
INFO: (function: improveOnce) CascadeMinimizer.cc: 216 -- Minimization success! status=0
INFO: (function: findCrossing) FitterAlgoBase.cc: 460 -- -1.499226    +0.00084  +0.00125    -0.002989
INFO: (function: improveOnce) CascadeMinimizer.cc: 188 -- Minimisation configured with Type=Minuit2, Algo=Migrad, strategy=0, tolerance=0.1
INFO: (function: improveOnce) CascadeMinimizer.cc: 211 -- Minimisation finished with status=0
INFO: (function: improveOnce) CascadeMinimizer.cc: 216 -- Minimization success! status=0
INFO: (function: findCrossing) FitterAlgoBase.cc: 460 -- -1.502215    -0.00013  +0.00084    -0.002989
