Arguments: resonant= workspace=0 bfit=0 limits=0 significance=0 dfit=0 gofdata=0 goftoys=0 seed=44 numtoys=40
Start running 0l parameters:
cards args=CR1=./CR1.txt CR1Blinded=./CR1Blinded.txt SR1a=./SR1a.txt SR1aBlinded=./SR1aBlinded.txt SR1b=./SR1b.txt SR1bBlinded=./SR1bBlinded.txt CR2=./CR2.txt CR2Blinded=./CR2Blinded.txt SR2a=./SR2a.txt SR2aBlinded=./SR2aBlinded.txt SR2b=./SR2b.txt SR2bBlinded=./SR2bBlinded.txt 
maskblinded=mask_SR1a=0,mask_SR1b=0,mask_CR1=0,mask_SR1aBlinded=1,mask_SR1bBlinded=1,mask_CR1Blinded=1,mask_SR2a=0,mask_SR2b=0,mask_CR2=0,mask_SR2aBlinded=1,mask_SR2bBlinded=1,mask_CR2Blinded=1
maskunblinded=mask_SR1a=1,mask_SR1b=1,mask_CR1=1,mask_SR1aBlinded=0,mask_SR1bBlinded=0,mask_CR1Blinded=0,mask_SR2a=1,mask_SR2b=1,mask_CR2=1,mask_SR2aBlinded=0,mask_SR2bBlinded=0,mask_CR2Blinded=0
mask args:
mask_SR1a=0,mask_SR1b=0,mask_CR1=0,mask_SR1aBlinded=1,mask_SR1bBlinded=1,mask_CR1Blinded=1,mask_SR2a=0,mask_SR2b=0,mask_CR2=0,mask_SR2aBlinded=1,mask_SR2bBlinded=1,mask_CR2Blinded=1
set params:
CMS_HWW_boosted_tf_dataResidual_CR1_Bin4=0,CMS_HWW_boosted_tf_dataResidual_CR2_Bin4=0,CMS_HWW_boosted_tf_dataResidual_CR1_Bin5=0,CMS_HWW_boosted_tf_dataResidual_CR2_Bin5=0,CMS_HWW_boosted_tf_dataResidual_CR1_Bin6=0,CMS_HWW_boosted_tf_dataResidual_CR2_Bin6=0,CMS_HWW_boosted_tf_dataResidual_CR1_Bin7=0,CMS_HWW_boosted_tf_dataResidual_CR2_Bin7=0,CMS_HWW_boosted_tf_dataResidual_CR1_Bin8=0,CMS_HWW_boosted_tf_dataResidual_CR2_Bin8=0,CMS_HWW_boosted_tf_dataResidual_CR1_Bin9=0,CMS_HWW_boosted_tf_dataResidual_CR2_Bin9=0
freeze params:
CMS_HWW_boosted_tf_dataResidual_CR1_Bin4,CMS_HWW_boosted_tf_dataResidual_CR2_Bin4,CMS_HWW_boosted_tf_dataResidual_CR1_Bin5,CMS_HWW_boosted_tf_dataResidual_CR2_Bin5,CMS_HWW_boosted_tf_dataResidual_CR1_Bin6,CMS_HWW_boosted_tf_dataResidual_CR2_Bin6,CMS_HWW_boosted_tf_dataResidual_CR1_Bin7,CMS_HWW_boosted_tf_dataResidual_CR2_Bin7,CMS_HWW_boosted_tf_dataResidual_CR1_Bin8,CMS_HWW_boosted_tf_dataResidual_CR2_Bin8,CMS_HWW_boosted_tf_dataResidual_CR1_Bin9,CMS_HWW_boosted_tf_dataResidual_CR2_Bin9
unblinded params:
--freezeParameters var{.*_In},var{.*__norm},var{n_exp_.*} --setParameters mask_SR1a=0,mask_SR1b=0,mask_CR1=0,mask_SR1aBlinded=1,mask_SR1bBlinded=1,mask_CR1Blinded=1,mask_SR2a=0,mask_SR2b=0,mask_CR2=0,mask_SR2aBlinded=1,mask_SR2bBlinded=1,mask_CR2Blinded=1
cards args for 0l: CR1=./CR1.txt CR1Blinded=./CR1Blinded.txt SR1a=./SR1a.txt SR1aBlinded=./SR1aBlinded.txt SR1b=./SR1b.txt SR1bBlinded=./SR1bBlinded.txt CR2=./CR2.txt CR2Blinded=./CR2Blinded.txt SR2a=./SR2a.txt SR2aBlinded=./SR2aBlinded.txt SR2b=./SR2b.txt SR2bBlinded=./SR2bBlinded.txt 
maskblinded=mask_SR1a=0,mask_SR1b=0,mask_CR1=0,mask_SR1aBlinded=1,mask_SR1bBlinded=1,mask_CR1Blinded=1,mask_SR2a=0,mask_SR2b=0,mask_CR2=0,mask_SR2aBlinded=1,mask_SR2bBlinded=1,mask_CR2Blinded=1
maskunblinded=mask_SR1a=1,mask_SR1b=1,mask_CR1=1,mask_SR1aBlinded=0,mask_SR1bBlinded=0,mask_CR1Blinded=0,mask_SR2a=1,mask_SR2b=1,mask_CR2=1,mask_SR2aBlinded=0,mask_SR2bBlinded=0,mask_CR2Blinded=0
Start running 1l parameters:
cards args for 1l: VBF=./VBF.txt ggFpt250to350=./ggFpt250to350.txt ggFpt350to500=./ggFpt350to500.txt ggFpt500toInf=./ggFpt500toInf.txt TopCR=./TopCR.txt WJetsCR=./WJetsCR.txt
added 1l parameters:
ccargs_VH:SR1fail2016=./SR1fail2016.txt SR1fail2016APV=./SR1fail2016APV.txt SR1fail2017=./SR1fail2017.txt SR1fail2018=./SR1fail2018.txt SR1pass2016=./SR1pass2016.txt SR1pass2016APV=./SR1pass2016APV.txt SR1pass2017=./SR1pass2017.txt SR1pass2018=./SR1pass2018.txt TopCRfail2016=./TopCRfail2016.txt TopCRfail2016APV=./TopCRfail2016APV.txt TopCRfail2017=./TopCRfail2017.txt TopCRfail2018=./TopCRfail2018.txt TopCRpass2016=./TopCRpass2016.txt TopCRpass2016APV=./TopCRpass2016APV.txt TopCRpass2017=./TopCRpass2017.txt TopCRpass2018=./TopCRpass2018.txt
total cards args=CR1=./CR1.txt CR1Blinded=./CR1Blinded.txt SR1a=./SR1a.txt SR1aBlinded=./SR1aBlinded.txt SR1b=./SR1b.txt SR1bBlinded=./SR1bBlinded.txt CR2=./CR2.txt CR2Blinded=./CR2Blinded.txt SR2a=./SR2a.txt SR2aBlinded=./SR2aBlinded.txt SR2b=./SR2b.txt SR2bBlinded=./SR2bBlinded.txt  VBF=./VBF.txt ggFpt250to350=./ggFpt250to350.txt ggFpt350to500=./ggFpt350to500.txt ggFpt500toInf=./ggFpt500toInf.txt TopCR=./TopCR.txt WJetsCR=./WJetsCR.txt SR1fail2016=./SR1fail2016.txt SR1fail2016APV=./SR1fail2016APV.txt SR1fail2017=./SR1fail2017.txt SR1fail2018=./SR1fail2018.txt SR1pass2016=./SR1pass2016.txt SR1pass2016APV=./SR1pass2016APV.txt SR1pass2017=./SR1pass2017.txt SR1pass2018=./SR1pass2018.txt TopCRfail2016=./TopCRfail2016.txt TopCRfail2016APV=./TopCRfail2016APV.txt TopCRfail2017=./TopCRfail2017.txt TopCRfail2018=./TopCRfail2018.txt TopCRpass2016=./TopCRpass2016.txt TopCRpass2016APV=./TopCRpass2016APV.txt TopCRpass2017=./TopCRpass2017.txt TopCRpass2018=./TopCRpass2018.txt
mask1l=mask_VBF=1,mask_ggFpt250to350=1,mask_ggFpt350to500=1,mask_ggFpt500toInf=1,mask_TopCR=1,mask_WJetsCR=1
un-mask1l=mask_VBF=0,mask_ggFpt250to350=0,mask_ggFpt350to500=0,mask_ggFpt500toInf=0,mask_TopCR=0,mask_WJetsCR=0
maskVH=mask_SR1fail2016=1,mask_SR1fail2016APV=1,mask_SR1fail2017=1,mask_SR1fail2018=1,mask_SR1pass2016=1,mask_SR1pass2016APV=1,mask_SR1pass2017=1,mask_SR1pass2018=1,mask_TopCRfail2016=1,mask_TopCRfail2016APV=1,mask_TopCRfail2017=1,mask_TopCRfail2018=1,mask_TopCRpass2016=1,mask_TopCRpass2016APV=1,mask_TopCRpass2017=1,mask_TopCRpass2018=1
un-maskVH=mask_SR1fail2016=0,mask_SR1fail2016APV=0,mask_SR1fail2017=0,mask_SR1fail2018=0,mask_SR1pass2016=0,mask_SR1pass2016APV=0,mask_SR1pass2017=0,mask_SR1pass2018=0,mask_TopCRfail2016=0,mask_TopCRfail2016APV=0,mask_TopCRfail2017=0,mask_TopCRfail2018=0,mask_TopCRpass2016=0,mask_TopCRpass2016APV=0,mask_TopCRpass2017=0,mask_TopCRpass2018=0
total unblinded para=--freezeParameters var{.*_In},var{.*__norm},var{n_exp_.*} --setParameters mask_SR1a=0,mask_SR1b=0,mask_CR1=0,mask_SR1aBlinded=1,mask_SR1bBlinded=1,mask_CR1Blinded=1,mask_SR2a=0,mask_SR2b=0,mask_CR2=0,mask_SR2aBlinded=1,mask_SR2bBlinded=1,mask_CR2Blinded=1,mask_VBF=0,mask_ggFpt250to350=0,mask_ggFpt350to500=0,mask_ggFpt500toInf=0,mask_TopCR=0,mask_WJetsCR=0,mask_SR1fail2016=0,mask_SR1fail2016APV=0,mask_SR1fail2017=0,mask_SR1fail2018=0,mask_SR1pass2016=0,mask_SR1pass2016APV=0,mask_SR1pass2017=0,mask_SR1pass2018=0,mask_TopCRfail2016=0,mask_TopCRfail2016APV=0,mask_TopCRfail2017=0,mask_TopCRfail2018=0,mask_TopCRpass2016=0,mask_TopCRpass2016APV=0,mask_TopCRpass2017=0,mask_TopCRpass2018=0
Impact scan for CMS_HWW_boosted_SR1_fail_mcstat_bin3
 <<< Combine >>> 
>>> random number generator seed is 123456
   Options for Robust Minimizer :: 
        Tolerance  0.1
        Strategy   0
        Type,Algo  Minuit2,Migrad
>>> method used is MultiDimFit
<<< cling interactive line includer >>>: fatal error: module file '/cvmfs/cms.cern.ch/slc7_amd64_gcc900/lcg/root/6.22.08-ljfedo/lib/Tree.pcm' not found: Too many open files
input_line_4:1:2: error: unknown type name 'ifdef'
#ifdef complex
 ^
<<< cling interactive line includer >>>:1:1: error: expected unqualified-id
input_line_5:1:2: error: unknown type name 'ifdef'
#ifdef PI
 ^
<<< cling interactive line includer >>>:1:1: error: expected unqualified-id
input_line_6:1:2: error: unknown type name 'ifdef'
#ifdef ERROR
 ^
<<< cling interactive line includer >>>:1:1: error: expected unqualified-id
input_line_7:2:2: error: unknown type name 'include'
#include "TError.h"
 ^
input_line_7:2:1: error: expected unqualified-id
#include "TError.h"
^
input_line_7:4:2: error: unknown type name 'define'
#define _ClassDefInterp_(name,id,virtual_keyword, overrd) \
 ^
input_line_7:21:7: error: expected ';' after top level declarator
#undef ClassDef
      ^
      ;
input_line_7:36:10: fatal error: 'cassert' file not found
#include <cassert>
         ^~~~~~~~~
input_line_8:1:10: fatal error: 'cling/Interpreter/DynamicLookupRuntimeUniverse.h' file not found
#include "cling/Interpreter/DynamicLookupRuntimeUniverse.h"
         ^~~~~~~~~~~~~~~~~~~~~~~~~~~~~~~~~~~~~~~~~~~~~~~~~~

 *** Break *** segmentation violation
#0  0x00002b4fda92546c in waitpid () from /lib64/libc.so.6
#1  0x00002b4fda8a2f62 in do_system () from /lib64/libc.so.6
#2  0x00002b4fd855e535 in ?? ()
#3  0x00007fff18920d18 in ?? ()
#4  0x00007fff18920f01 in ?? ()
#5  0x00007fff189214e0 in ?? ()
#6  0x0000000000000001 in ?? ()
#7  0x0000000003c59cf0 in ?? ()
#8  0x000000000000003b in ?? ()
#9  0x000000000000003b in ?? ()
#10 0x00007fff18920dd0 in ?? ()
#11 0x000000000397bfe0 in ?? ()
#12 0x00007fff18920e48 in ?? ()
#13 0x00007fff18921078 in ?? ()
#14 0x0000000100000000 in ?? ()
#15 0x0000000300000002 in ?? ()
#16 0x0000000500000004 in ?? ()
#17 0x0000000700000006 in ?? ()
#18 0x0000000900000008 in ?? ()
#19 0x0000000b0000000a in ?? ()
#20 0x0000000d0000000c in ?? ()
#21 0x00002b4fd85ec6e5 in ?? ()
#22 0x0000001100000010 in ?? ()
#23 0x0000001300000012 in ?? ()
#24 0x0000001500000014 in ?? ()
#25 0x00002b4fd869e030 in ?? ()
#26 0x0000005e00000061 in ?? ()
#27 0x000000000397be20 in ?? ()
#28 0x0000001d0000001c in ?? ()
#29 0x00002b4fd869e030 in ?? ()
#30 0x0000000000000000 in ?? ()
Failed to load module Tree
Failed to load module TreePlayer
Failed to load module Physics
Failed to load module Proof
Failed to load module Geom
Failed to load module Unfold
Failed to load module RHTTPSniff
Failed to load module FitPanel
Failed to load module RDAVIX
Failed to load module Physics
Failed to load module Genetic
Failed to load module Tree
Failed to load module DCache
Failed to load module RGL
Failed to load module ROOTEve
Failed to load module SPlot
Failed to load module GeomBuilder
Failed to load module Rint
Failed to load module XMLParser
Failed to load module Proof
Failed to load module Recorder
Failed to load module GuiBld
Failed to load module ROOTWebDisplay
Failed to load module XMLIO
Failed to load module GX11TTF
Failed to load module ProofPlayer
Failed to load module ROOTHistDraw
Failed to load module MathMore
Failed to load module SpectrumPainter
Failed to load module NetxNG
Failed to load module Minuit
Failed to load module TMVA
Failed to load module Gdml
Failed to load module ProofBench
Failed to load module WebGui6
Failed to load module ROOTTPython
Failed to load module ROOTHist
Failed to load module ROOTFitPanelv7
Failed to load module SessionViewer
Failed to load module ROOTBrowsable
Failed to load module PyMVA
Failed to load module HistPainter
Failed to load module ProofDraw
Failed to load module RHTTP
Failed to load module Quadp
Failed to load module Eve
Failed to load module TreeViewer
Failed to load module GeomPainter
Failed to load module ROOTNTuple
Failed to load module EG
Failed to load module HistFactory
Failed to load module Spectrum
Failed to load module GuiHtml
Failed to load module Postscript
Failed to load module TMVAGui
Failed to load module Html
Failed to load module Net
Failed to load module Fumili
Failed to load module Geom
Failed to load module RooFitMore
Failed to load module ROOTGpadv7
Failed to load module X3d
Failed to load module RCsg
Failed to load module RooFit
Failed to load module MultiProc
Failed to load module RooStats
Failed to load module Ged
Failed to load module FFTW
Failed to load module RooFitCore
Failed to load module Gui
Failed to load module SQLIO
Failed to load module ASImage
Failed to load module Foam
Failed to load module Minuit2
Failed to load module MLP
Failed to load module ROOTDataFrame
Failed to load module ROOTBrowserv7
Failed to load module RootAuth
Failed to load module Graf3d
Failed to load module ASImageGui
Failed to load module GX11
Failed to load module Gviz3d
Failed to load module TreePlayer
Failed to load module ROOTGraphicsPrimitives
