INFO: (function: applyOptionsBase) FitterAlgoBase.cc: 113 -- Setting robust fit options to Tolerance=0.1 / Strategy=0 / Type,Algo=Minuit2,Migrad (note that defaults of CascadeMinimizer were taken where option not specified)
INFO: (function: run) Combine.cc: 676 -- Set floating the following parameters: 
INFO: (function: run) Combine.cc: 679  CMS_HWW_boosted_tf_dataResidual_CR1_Bin4 
INFO: (function: run) Combine.cc: 679  CMS_HWW_boosted_tf_dataResidual_CR2_Bin4 
INFO: (function: run) Combine.cc: 679  CMS_HWW_boosted_tf_dataResidual_CR1_Bin5 
INFO: (function: run) Combine.cc: 679  CMS_HWW_boosted_tf_dataResidual_CR2_Bin5 
INFO: (function: run) Combine.cc: 679  CMS_HWW_boosted_tf_dataResidual_CR1_Bin6 
INFO: (function: run) Combine.cc: 679  CMS_HWW_boosted_tf_dataResidual_CR2_Bin6 
INFO: (function: run) Combine.cc: 679  CMS_HWW_boosted_tf_dataResidual_CR1_Bin7 
INFO: (function: run) Combine.cc: 679  CMS_HWW_boosted_tf_dataResidual_CR2_Bin7 
INFO: (function: run) Combine.cc: 679  CMS_HWW_boosted_tf_dataResidual_CR1_Bin8 
INFO: (function: run) Combine.cc: 679  CMS_HWW_boosted_tf_dataResidual_CR2_Bin8 
INFO: (function: run) Combine.cc: 679  CMS_HWW_boosted_tf_dataResidual_CR1_Bin9 
INFO: (function: run) Combine.cc: 679  CMS_HWW_boosted_tf_dataResidual_CR2_Bin9 
INFO: (function: run) Combine.cc: 712 -- Freezing the following parameters: 
INFO: (function: run) Combine.cc: 715  BR_hww_In 
INFO: (function: run) Combine.cc: 715  CMS_HWW_FakeRate_EWK_SF_statistical_uncertainty_In 
INFO: (function: run) Combine.cc: 715  CMS_HWW_FakeRate_EWK_SF_uncertainty_In 
INFO: (function: run) Combine.cc: 715  CMS_HWW_FakeRate_SF_flavor_uncertainty_In 
INFO: (function: run) Combine.cc: 715  CMS_HWW_boosted_CR1_mcstat_bin0_In 
INFO: (function: run) Combine.cc: 715  CMS_HWW_boosted_CR1_mcstat_bin1_In 
INFO: (function: run) Combine.cc: 715  CMS_HWW_boosted_CR1_mcstat_bin10_In 
INFO: (function: run) Combine.cc: 715  CMS_HWW_boosted_CR1_mcstat_bin11_In 
INFO: (function: run) Combine.cc: 715  CMS_HWW_boosted_CR1_mcstat_bin12_In 
INFO: (function: run) Combine.cc: 715  CMS_HWW_boosted_CR1_mcstat_bin13_In 
INFO: (function: run) Combine.cc: 715  CMS_HWW_boosted_CR1_mcstat_bin14_In 
INFO: (function: run) Combine.cc: 715  CMS_HWW_boosted_CR1_mcstat_bin15_In 
INFO: (function: run) Combine.cc: 715  CMS_HWW_boosted_CR1_mcstat_bin16_In 
INFO: (function: run) Combine.cc: 715  CMS_HWW_boosted_CR1_mcstat_bin17_In 
INFO: (function: run) Combine.cc: 715  CMS_HWW_boosted_CR1_mcstat_bin18_In 
INFO: (function: run) Combine.cc: 715  CMS_HWW_boosted_CR1_mcstat_bin19_In 
INFO: (function: run) Combine.cc: 715  CMS_HWW_boosted_CR1_mcstat_bin2_In 
INFO: (function: run) Combine.cc: 715  CMS_HWW_boosted_CR1_mcstat_bin3_In 
INFO: (function: run) Combine.cc: 715  CMS_HWW_boosted_CR1_mcstat_bin4_In 
INFO: (function: run) Combine.cc: 715  CMS_HWW_boosted_CR1_mcstat_bin5_In 
INFO: (function: run) Combine.cc: 715  CMS_HWW_boosted_CR1_mcstat_bin6_In 
INFO: (function: run) Combine.cc: 715  CMS_HWW_boosted_CR1_mcstat_bin7_In 
INFO: (function: run) Combine.cc: 715  CMS_HWW_boosted_CR1_mcstat_bin8_In 
INFO: (function: run) Combine.cc: 715  CMS_HWW_boosted_CR1_mcstat_bin9_In 
INFO: (function: run) Combine.cc: 715  CMS_HWW_boosted_CR2_mcstat_bin0_In 
INFO: (function: run) Combine.cc: 715  CMS_HWW_boosted_CR2_mcstat_bin1_In 
INFO: (function: run) Combine.cc: 715  CMS_HWW_boosted_CR2_mcstat_bin10_In 
INFO: (function: run) Combine.cc: 715  CMS_HWW_boosted_CR2_mcstat_bin11_In 
INFO: (function: run) Combine.cc: 715  CMS_HWW_boosted_CR2_mcstat_bin12_In 
INFO: (function: run) Combine.cc: 715  CMS_HWW_boosted_CR2_mcstat_bin13_In 
INFO: (function: run) Combine.cc: 715  CMS_HWW_boosted_CR2_mcstat_bin14_In 
INFO: (function: run) Combine.cc: 715  CMS_HWW_boosted_CR2_mcstat_bin15_In 
INFO: (function: run) Combine.cc: 715  CMS_HWW_boosted_CR2_mcstat_bin16_In 
INFO: (function: run) Combine.cc: 715  CMS_HWW_boosted_CR2_mcstat_bin17_In 
INFO: (function: run) Combine.cc: 715  CMS_HWW_boosted_CR2_mcstat_bin18_In 
INFO: (function: run) Combine.cc: 715  CMS_HWW_boosted_CR2_mcstat_bin19_In 
INFO: (function: run) Combine.cc: 715  CMS_HWW_boosted_CR2_mcstat_bin2_In 
INFO: (function: run) Combine.cc: 715  CMS_HWW_boosted_CR2_mcstat_bin3_In 
INFO: (function: run) Combine.cc: 715  CMS_HWW_boosted_CR2_mcstat_bin4_In 
INFO: (function: run) Combine.cc: 715  CMS_HWW_boosted_CR2_mcstat_bin5_In 
INFO: (function: run) Combine.cc: 715  CMS_HWW_boosted_CR2_mcstat_bin6_In 
INFO: (function: run) Combine.cc: 715  CMS_HWW_boosted_CR2_mcstat_bin7_In 
INFO: (function: run) Combine.cc: 715  CMS_HWW_boosted_CR2_mcstat_bin8_In 
INFO: (function: run) Combine.cc: 715  CMS_HWW_boosted_CR2_mcstat_bin9_In 
INFO: (function: run) Combine.cc: 715  CMS_HWW_boosted_EW_unc_In 
INFO: (function: run) Combine.cc: 715  CMS_HWW_boosted_FakeRate_EWK_SF_statistical_uncertainty_In 
INFO: (function: run) Combine.cc: 715  CMS_HWW_boosted_FakeRate_statistical_uncertainty_In 
INFO: (function: run) Combine.cc: 715  CMS_HWW_boosted_Fake_SF_uncertainty_In 
INFO: (function: run) Combine.cc: 715  CMS_HWW_boosted_SR1_fail_mcstat_bin0_In 
INFO: (function: run) Combine.cc: 715  CMS_HWW_boosted_SR1_fail_mcstat_bin1_In 
INFO: (function: run) Combine.cc: 715  CMS_HWW_boosted_SR1_fail_mcstat_bin2_In 
INFO: (function: run) Combine.cc: 715  CMS_HWW_boosted_SR1_fail_mcstat_bin3_In 
INFO: (function: run) Combine.cc: 715  CMS_HWW_boosted_SR1_pass_mcstat_bin0_In 
INFO: (function: run) Combine.cc: 715  CMS_HWW_boosted_SR1_pass_mcstat_bin1_In 
INFO: (function: run) Combine.cc: 715  CMS_HWW_boosted_SR1_pass_mcstat_bin2_In 
INFO: (function: run) Combine.cc: 715  CMS_HWW_boosted_SR1_pass_mcstat_bin3_In 
INFO: (function: run) Combine.cc: 715  CMS_HWW_boosted_SR1a_mcstat_bin0_In 
INFO: (function: run) Combine.cc: 715  CMS_HWW_boosted_SR1a_mcstat_bin1_In 
INFO: (function: run) Combine.cc: 715  CMS_HWW_boosted_SR1a_mcstat_bin10_In 
INFO: (function: run) Combine.cc: 715  CMS_HWW_boosted_SR1a_mcstat_bin11_In 
INFO: (function: run) Combine.cc: 715  CMS_HWW_boosted_SR1a_mcstat_bin12_In 
INFO: (function: run) Combine.cc: 715  CMS_HWW_boosted_SR1a_mcstat_bin13_In 
INFO: (function: run) Combine.cc: 715  CMS_HWW_boosted_SR1a_mcstat_bin14_In 
INFO: (function: run) Combine.cc: 715  CMS_HWW_boosted_SR1a_mcstat_bin15_In 
INFO: (function: run) Combine.cc: 715  CMS_HWW_boosted_SR1a_mcstat_bin16_In 
INFO: (function: run) Combine.cc: 715  CMS_HWW_boosted_SR1a_mcstat_bin17_In 
INFO: (function: run) Combine.cc: 715  CMS_HWW_boosted_SR1a_mcstat_bin18_In 
INFO: (function: run) Combine.cc: 715  CMS_HWW_boosted_SR1a_mcstat_bin19_In 
INFO: (function: run) Combine.cc: 715  CMS_HWW_boosted_SR1a_mcstat_bin2_In 
INFO: (function: run) Combine.cc: 715  CMS_HWW_boosted_SR1a_mcstat_bin3_In 
INFO: (function: run) Combine.cc: 715  CMS_HWW_boosted_SR1a_mcstat_bin4_In 
INFO: (function: run) Combine.cc: 715  CMS_HWW_boosted_SR1a_mcstat_bin5_In 
INFO: (function: run) Combine.cc: 715  CMS_HWW_boosted_SR1a_mcstat_bin6_In 
INFO: (function: run) Combine.cc: 715  CMS_HWW_boosted_SR1a_mcstat_bin7_In 
INFO: (function: run) Combine.cc: 715  CMS_HWW_boosted_SR1a_mcstat_bin8_In 
INFO: (function: run) Combine.cc: 715  CMS_HWW_boosted_SR1a_mcstat_bin9_In 
INFO: (function: run) Combine.cc: 715  CMS_HWW_boosted_SR1b_mcstat_bin0_In 
INFO: (function: run) Combine.cc: 715  CMS_HWW_boosted_SR1b_mcstat_bin1_In 
INFO: (function: run) Combine.cc: 715  CMS_HWW_boosted_SR1b_mcstat_bin10_In 
INFO: (function: run) Combine.cc: 715  CMS_HWW_boosted_SR1b_mcstat_bin11_In 
INFO: (function: run) Combine.cc: 715  CMS_HWW_boosted_SR1b_mcstat_bin12_In 
INFO: (function: run) Combine.cc: 715  CMS_HWW_boosted_SR1b_mcstat_bin13_In 
INFO: (function: run) Combine.cc: 715  CMS_HWW_boosted_SR1b_mcstat_bin14_In 
INFO: (function: run) Combine.cc: 715  CMS_HWW_boosted_SR1b_mcstat_bin15_In 
INFO: (function: run) Combine.cc: 715  CMS_HWW_boosted_SR1b_mcstat_bin16_In 
INFO: (function: run) Combine.cc: 715  CMS_HWW_boosted_SR1b_mcstat_bin17_In 
INFO: (function: run) Combine.cc: 715  CMS_HWW_boosted_SR1b_mcstat_bin18_In 
INFO: (function: run) Combine.cc: 715  CMS_HWW_boosted_SR1b_mcstat_bin19_In 
INFO: (function: run) Combine.cc: 715  CMS_HWW_boosted_SR1b_mcstat_bin2_In 
INFO: (function: run) Combine.cc: 715  CMS_HWW_boosted_SR1b_mcstat_bin3_In 
INFO: (function: run) Combine.cc: 715  CMS_HWW_boosted_SR1b_mcstat_bin4_In 
INFO: (function: run) Combine.cc: 715  CMS_HWW_boosted_SR1b_mcstat_bin5_In 
INFO: (function: run) Combine.cc: 715  CMS_HWW_boosted_SR1b_mcstat_bin6_In 
INFO: (function: run) Combine.cc: 715  CMS_HWW_boosted_SR1b_mcstat_bin7_In 
INFO: (function: run) Combine.cc: 715  CMS_HWW_boosted_SR1b_mcstat_bin8_In 
INFO: (function: run) Combine.cc: 715  CMS_HWW_boosted_SR1b_mcstat_bin9_In 
INFO: (function: run) Combine.cc: 715  CMS_HWW_boosted_SR2a_WH_hww_mcstat_bin0_In 
INFO: (function: run) Combine.cc: 715  CMS_HWW_boosted_SR2a_WH_hww_mcstat_bin1_In 
INFO: (function: run) Combine.cc: 715  CMS_HWW_boosted_SR2a_WH_hww_mcstat_bin18_In 
INFO: (function: run) Combine.cc: 715  CMS_HWW_boosted_SR2a_WH_hww_mcstat_bin5_In 
INFO: (function: run) Combine.cc: 715  CMS_HWW_boosted_SR2a_ZH_hww_mcstat_bin0_In 
INFO: (function: run) Combine.cc: 715  CMS_HWW_boosted_SR2a_ZH_hww_mcstat_bin1_In 
INFO: (function: run) Combine.cc: 715  CMS_HWW_boosted_SR2a_ZH_hww_mcstat_bin18_In 
INFO: (function: run) Combine.cc: 715  CMS_HWW_boosted_SR2a_ZH_hww_mcstat_bin5_In 
INFO: (function: run) Combine.cc: 715  CMS_HWW_boosted_SR2a_ggH_hww_mcstat_bin0_In 
INFO: (function: run) Combine.cc: 715  CMS_HWW_boosted_SR2a_ggH_hww_mcstat_bin1_In 
INFO: (function: run) Combine.cc: 715  CMS_HWW_boosted_SR2a_ggH_hww_mcstat_bin5_In 
INFO: (function: run) Combine.cc: 715  CMS_HWW_boosted_SR2a_mcstat_bin10_In 
INFO: (function: run) Combine.cc: 715  CMS_HWW_boosted_SR2a_mcstat_bin11_In 
INFO: (function: run) Combine.cc: 715  CMS_HWW_boosted_SR2a_mcstat_bin12_In 
INFO: (function: run) Combine.cc: 715  CMS_HWW_boosted_SR2a_mcstat_bin13_In 
INFO: (function: run) Combine.cc: 715  CMS_HWW_boosted_SR2a_mcstat_bin14_In 
INFO: (function: run) Combine.cc: 715  CMS_HWW_boosted_SR2a_mcstat_bin15_In 
INFO: (function: run) Combine.cc: 715  CMS_HWW_boosted_SR2a_mcstat_bin16_In 
INFO: (function: run) Combine.cc: 715  CMS_HWW_boosted_SR2a_mcstat_bin17_In 
INFO: (function: run) Combine.cc: 715  CMS_HWW_boosted_SR2a_mcstat_bin19_In 
INFO: (function: run) Combine.cc: 715  CMS_HWW_boosted_SR2a_mcstat_bin2_In 
INFO: (function: run) Combine.cc: 715  CMS_HWW_boosted_SR2a_mcstat_bin3_In 
INFO: (function: run) Combine.cc: 715  CMS_HWW_boosted_SR2a_mcstat_bin4_In 
INFO: (function: run) Combine.cc: 715  CMS_HWW_boosted_SR2a_mcstat_bin6_In 
INFO: (function: run) Combine.cc: 715  CMS_HWW_boosted_SR2a_mcstat_bin7_In 
INFO: (function: run) Combine.cc: 715  CMS_HWW_boosted_SR2a_mcstat_bin8_In 
INFO: (function: run) Combine.cc: 715  CMS_HWW_boosted_SR2a_mcstat_bin9_In 
INFO: (function: run) Combine.cc: 715  CMS_HWW_boosted_SR2a_qqH_hww_mcstat_bin0_In 
INFO: (function: run) Combine.cc: 715  CMS_HWW_boosted_SR2a_qqH_hww_mcstat_bin1_In 
INFO: (function: run) Combine.cc: 715  CMS_HWW_boosted_SR2a_qqH_hww_mcstat_bin5_In 
INFO: (function: run) Combine.cc: 715  CMS_HWW_boosted_SR2a_rest_bkg_mcstat_bin1_In 
INFO: (function: run) Combine.cc: 715  CMS_HWW_boosted_SR2a_rest_bkg_mcstat_bin18_In 
INFO: (function: run) Combine.cc: 715  CMS_HWW_boosted_SR2a_rest_bkg_mcstat_bin5_In 
INFO: (function: run) Combine.cc: 715  CMS_HWW_boosted_SR2a_single_top_mcstat_bin18_In 
INFO: (function: run) Combine.cc: 715  CMS_HWW_boosted_SR2a_single_top_mcstat_bin5_In 
INFO: (function: run) Combine.cc: 715  CMS_HWW_boosted_SR2a_ttH_hww_mcstat_bin0_In 
INFO: (function: run) Combine.cc: 715  CMS_HWW_boosted_SR2a_ttH_hww_mcstat_bin1_In 
INFO: (function: run) Combine.cc: 715  CMS_HWW_boosted_SR2a_ttH_hww_mcstat_bin18_In 
INFO: (function: run) Combine.cc: 715  CMS_HWW_boosted_SR2a_ttH_hww_mcstat_bin5_In 
INFO: (function: run) Combine.cc: 715  CMS_HWW_boosted_SR2a_ttbar_mcstat_bin0_In 
INFO: (function: run) Combine.cc: 715  CMS_HWW_boosted_SR2a_ttbar_mcstat_bin1_In 
INFO: (function: run) Combine.cc: 715  CMS_HWW_boosted_SR2a_ttbar_mcstat_bin18_In 
INFO: (function: run) Combine.cc: 715  CMS_HWW_boosted_SR2a_ttbar_mcstat_bin5_In 
INFO: (function: run) Combine.cc: 715  CMS_HWW_boosted_SR2a_wjets_mcstat_bin0_In 
INFO: (function: run) Combine.cc: 715  CMS_HWW_boosted_SR2a_wjets_mcstat_bin1_In 
INFO: (function: run) Combine.cc: 715  CMS_HWW_boosted_SR2a_wjets_mcstat_bin18_In 
INFO: (function: run) Combine.cc: 715  CMS_HWW_boosted_SR2a_wjets_mcstat_bin5_In 
INFO: (function: run) Combine.cc: 715  CMS_HWW_boosted_SR2b_mcstat_bin0_In 
INFO: (function: run) Combine.cc: 715  CMS_HWW_boosted_SR2b_mcstat_bin1_In 
INFO: (function: run) Combine.cc: 715  CMS_HWW_boosted_SR2b_mcstat_bin10_In 
INFO: (function: run) Combine.cc: 715  CMS_HWW_boosted_SR2b_mcstat_bin11_In 
INFO: (function: run) Combine.cc: 715  CMS_HWW_boosted_SR2b_mcstat_bin12_In 
INFO: (function: run) Combine.cc: 715  CMS_HWW_boosted_SR2b_mcstat_bin13_In 
INFO: (function: run) Combine.cc: 715  CMS_HWW_boosted_SR2b_mcstat_bin14_In 
INFO: (function: run) Combine.cc: 715  CMS_HWW_boosted_SR2b_mcstat_bin15_In 
INFO: (function: run) Combine.cc: 715  CMS_HWW_boosted_SR2b_mcstat_bin16_In 
INFO: (function: run) Combine.cc: 715  CMS_HWW_boosted_SR2b_mcstat_bin17_In 
INFO: (function: run) Combine.cc: 715  CMS_HWW_boosted_SR2b_mcstat_bin18_In 
INFO: (function: run) Combine.cc: 715  CMS_HWW_boosted_SR2b_mcstat_bin19_In 
INFO: (function: run) Combine.cc: 715  CMS_HWW_boosted_SR2b_mcstat_bin2_In 
INFO: (function: run) Combine.cc: 715  CMS_HWW_boosted_SR2b_mcstat_bin3_In 
INFO: (function: run) Combine.cc: 715  CMS_HWW_boosted_SR2b_mcstat_bin4_In 
INFO: (function: run) Combine.cc: 715  CMS_HWW_boosted_SR2b_mcstat_bin5_In 
INFO: (function: run) Combine.cc: 715  CMS_HWW_boosted_SR2b_mcstat_bin6_In 
INFO: (function: run) Combine.cc: 715  CMS_HWW_boosted_SR2b_mcstat_bin7_In 
INFO: (function: run) Combine.cc: 715  CMS_HWW_boosted_SR2b_mcstat_bin8_In 
INFO: (function: run) Combine.cc: 715  CMS_HWW_boosted_SR2b_mcstat_bin9_In 
INFO: (function: run) Combine.cc: 715  CMS_HWW_boosted_TopCR_fail_mcstat_bin0_In 
INFO: (function: run) Combine.cc: 715  CMS_HWW_boosted_TopCR_fail_mcstat_bin1_In 
INFO: (function: run) Combine.cc: 715  CMS_HWW_boosted_TopCR_fail_mcstat_bin2_In 
INFO: (function: run) Combine.cc: 715  CMS_HWW_boosted_TopCR_fail_mcstat_bin3_In 
INFO: (function: run) Combine.cc: 715  CMS_HWW_boosted_TopCR_mcstat_bin0_In 
INFO: (function: run) Combine.cc: 715  CMS_HWW_boosted_TopCR_mcstat_bin1_In 
INFO: (function: run) Combine.cc: 715  CMS_HWW_boosted_TopCR_mcstat_bin2_In 
INFO: (function: run) Combine.cc: 715  CMS_HWW_boosted_TopCR_mcstat_bin3_In 
INFO: (function: run) Combine.cc: 715  CMS_HWW_boosted_TopCR_mcstat_bin4_In 
INFO: (function: run) Combine.cc: 715  CMS_HWW_boosted_TopCR_mcstat_bin5_In 
INFO: (function: run) Combine.cc: 715  CMS_HWW_boosted_TopCR_mcstat_bin6_In 
INFO: (function: run) Combine.cc: 715  CMS_HWW_boosted_TopCR_mcstat_bin7_In 
INFO: (function: run) Combine.cc: 715  CMS_HWW_boosted_TopCR_pass_mcstat_bin0_In 
INFO: (function: run) Combine.cc: 715  CMS_HWW_boosted_TopCR_pass_mcstat_bin1_In 
INFO: (function: run) Combine.cc: 715  CMS_HWW_boosted_TopCR_pass_mcstat_bin2_In 
INFO: (function: run) Combine.cc: 715  CMS_HWW_boosted_TopCR_pass_mcstat_bin3_In 
INFO: (function: run) Combine.cc: 715  CMS_HWW_boosted_TopPtReweight_In 
INFO: (function: run) Combine.cc: 715  CMS_HWW_boosted_VBF_mcstat_bin0_In 
INFO: (function: run) Combine.cc: 715  CMS_HWW_boosted_VBF_mcstat_bin1_In 
INFO: (function: run) Combine.cc: 715  CMS_HWW_boosted_VBF_mcstat_bin2_In 
INFO: (function: run) Combine.cc: 715  CMS_HWW_boosted_VBF_mcstat_bin3_In 
INFO: (function: run) Combine.cc: 715  CMS_HWW_boosted_VBF_mcstat_bin4_In 
INFO: (function: run) Combine.cc: 715  CMS_HWW_boosted_VBF_mcstat_bin5_In 
INFO: (function: run) Combine.cc: 715  CMS_HWW_boosted_VBF_mcstat_bin6_In 
INFO: (function: run) Combine.cc: 715  CMS_HWW_boosted_VBF_mcstat_bin7_In 
INFO: (function: run) Combine.cc: 715  CMS_HWW_boosted_WJetsCR_mcstat_bin0_In 
INFO: (function: run) Combine.cc: 715  CMS_HWW_boosted_WJetsCR_mcstat_bin1_In 
INFO: (function: run) Combine.cc: 715  CMS_HWW_boosted_WJetsCR_mcstat_bin2_In 
INFO: (function: run) Combine.cc: 715  CMS_HWW_boosted_WJetsCR_mcstat_bin3_In 
INFO: (function: run) Combine.cc: 715  CMS_HWW_boosted_WJetsCR_mcstat_bin4_In 
INFO: (function: run) Combine.cc: 715  CMS_HWW_boosted_WJetsCR_mcstat_bin5_In 
INFO: (function: run) Combine.cc: 715  CMS_HWW_boosted_WJetsCR_mcstat_bin6_In 
INFO: (function: run) Combine.cc: 715  CMS_HWW_boosted_WJetsCR_mcstat_bin7_In 
INFO: (function: run) Combine.cc: 715  CMS_HWW_boosted_W_d1kappa_EW_In 
INFO: (function: run) Combine.cc: 715  CMS_HWW_boosted_W_d2kappa_EW_In 
INFO: (function: run) Combine.cc: 715  CMS_HWW_boosted_W_d3kappa_EW_In 
INFO: (function: run) Combine.cc: 715  CMS_HWW_boosted_Z_d2kappa_EW_In 
INFO: (function: run) Combine.cc: 715  CMS_HWW_boosted_Z_d3kappa_EW_In 
INFO: (function: run) Combine.cc: 715  CMS_HWW_boosted_btagSFbcCorrelated_In 
INFO: (function: run) Combine.cc: 715  CMS_HWW_boosted_btagSFbcCorrelated_2016_In 
INFO: (function: run) Combine.cc: 715  CMS_HWW_boosted_btagSFbcCorrelated_2016APV_In 
INFO: (function: run) Combine.cc: 715  CMS_HWW_boosted_btagSFbcCorrelated_2017_In 
INFO: (function: run) Combine.cc: 715  CMS_HWW_boosted_btagSFbcCorrelated_2018_In 
INFO: (function: run) Combine.cc: 715  CMS_HWW_boosted_btagSFbc_2016_In 
INFO: (function: run) Combine.cc: 715  CMS_HWW_boosted_btagSFbc_2016APV_In 
INFO: (function: run) Combine.cc: 715  CMS_HWW_boosted_btagSFbc_2017_In 
INFO: (function: run) Combine.cc: 715  CMS_HWW_boosted_btagSFbc_2018_In 
INFO: (function: run) Combine.cc: 715  CMS_HWW_boosted_btagSFlightCorrelated_In 
INFO: (function: run) Combine.cc: 715  CMS_HWW_boosted_btagSFlightCorrelated_2016_In 
INFO: (function: run) Combine.cc: 715  CMS_HWW_boosted_btagSFlightCorrelated_2016APV_In 
INFO: (function: run) Combine.cc: 715  CMS_HWW_boosted_btagSFlightCorrelated_2017_In 
INFO: (function: run) Combine.cc: 715  CMS_HWW_boosted_btagSFlightCorrelated_2018_In 
INFO: (function: run) Combine.cc: 715  CMS_HWW_boosted_btagSFlight_2016_In 
INFO: (function: run) Combine.cc: 715  CMS_HWW_boosted_btagSFlight_2016APV_In 
INFO: (function: run) Combine.cc: 715  CMS_HWW_boosted_btagSFlight_2017_In 
INFO: (function: run) Combine.cc: 715  CMS_HWW_boosted_btagSFlight_2018_In 
INFO: (function: run) Combine.cc: 715  CMS_HWW_boosted_d1K_NLO_In 
INFO: (function: run) Combine.cc: 715  CMS_HWW_boosted_d2K_NLO_In 
INFO: (function: run) Combine.cc: 715  CMS_HWW_boosted_d3K_NLO_In 
INFO: (function: run) Combine.cc: 715  CMS_HWW_boosted_ele_identification_In 
INFO: (function: run) Combine.cc: 715  CMS_HWW_boosted_ele_identification_2016_In 
INFO: (function: run) Combine.cc: 715  CMS_HWW_boosted_ele_identification_2016APV_In 
INFO: (function: run) Combine.cc: 715  CMS_HWW_boosted_ele_identification_2017_In 
INFO: (function: run) Combine.cc: 715  CMS_HWW_boosted_ele_identification_2018_In 
INFO: (function: run) Combine.cc: 715  CMS_HWW_boosted_ele_reconstruction_In 
INFO: (function: run) Combine.cc: 715  CMS_HWW_boosted_ele_reconstruction_2016_In 
INFO: (function: run) Combine.cc: 715  CMS_HWW_boosted_ele_reconstruction_2016APV_In 
INFO: (function: run) Combine.cc: 715  CMS_HWW_boosted_ele_reconstruction_2017_In 
INFO: (function: run) Combine.cc: 715  CMS_HWW_boosted_ele_reconstruction_2018_In 
INFO: (function: run) Combine.cc: 715  CMS_HWW_boosted_ele_trigger_stat_unc_2016_In 
INFO: (function: run) Combine.cc: 715  CMS_HWW_boosted_ele_trigger_stat_unc_2016APV_In 
INFO: (function: run) Combine.cc: 715  CMS_HWW_boosted_ele_trigger_stat_unc_2017_In 
INFO: (function: run) Combine.cc: 715  CMS_HWW_boosted_ele_trigger_stat_unc_2018_In 
INFO: (function: run) Combine.cc: 715  CMS_HWW_boosted_ele_trigger_syst_unc_In 
INFO: (function: run) Combine.cc: 715  CMS_HWW_boosted_electron_veto_In 
INFO: (function: run) Combine.cc: 715  CMS_HWW_boosted_ggFpt250to350_mcstat_bin0_In 
INFO: (function: run) Combine.cc: 715  CMS_HWW_boosted_ggFpt250to350_mcstat_bin1_In 
INFO: (function: run) Combine.cc: 715  CMS_HWW_boosted_ggFpt250to350_mcstat_bin2_In 
INFO: (function: run) Combine.cc: 715  CMS_HWW_boosted_ggFpt250to350_mcstat_bin3_In 
INFO: (function: run) Combine.cc: 715  CMS_HWW_boosted_ggFpt250to350_mcstat_bin4_In 
INFO: (function: run) Combine.cc: 715  CMS_HWW_boosted_ggFpt250to350_mcstat_bin5_In 
INFO: (function: run) Combine.cc: 715  CMS_HWW_boosted_ggFpt250to350_mcstat_bin6_In 
INFO: (function: run) Combine.cc: 715  CMS_HWW_boosted_ggFpt250to350_mcstat_bin7_In 
INFO: (function: run) Combine.cc: 715  CMS_HWW_boosted_ggFpt350to500_mcstat_bin0_In 
INFO: (function: run) Combine.cc: 715  CMS_HWW_boosted_ggFpt350to500_mcstat_bin1_In 
INFO: (function: run) Combine.cc: 715  CMS_HWW_boosted_ggFpt350to500_mcstat_bin2_In 
INFO: (function: run) Combine.cc: 715  CMS_HWW_boosted_ggFpt350to500_mcstat_bin3_In 
INFO: (function: run) Combine.cc: 715  CMS_HWW_boosted_ggFpt350to500_mcstat_bin4_In 
INFO: (function: run) Combine.cc: 715  CMS_HWW_boosted_ggFpt350to500_mcstat_bin5_In 
INFO: (function: run) Combine.cc: 715  CMS_HWW_boosted_ggFpt350to500_mcstat_bin6_In 
INFO: (function: run) Combine.cc: 715  CMS_HWW_boosted_ggFpt350to500_mcstat_bin7_In 
INFO: (function: run) Combine.cc: 715  CMS_HWW_boosted_ggFpt500toInf_mcstat_bin0_In 
INFO: (function: run) Combine.cc: 715  CMS_HWW_boosted_ggFpt500toInf_mcstat_bin1_In 
INFO: (function: run) Combine.cc: 715  CMS_HWW_boosted_ggFpt500toInf_mcstat_bin2_In 
INFO: (function: run) Combine.cc: 715  CMS_HWW_boosted_ggFpt500toInf_mcstat_bin3_In 
INFO: (function: run) Combine.cc: 715  CMS_HWW_boosted_ggFpt500toInf_mcstat_bin4_In 
INFO: (function: run) Combine.cc: 715  CMS_HWW_boosted_ggFpt500toInf_mcstat_bin5_In 
INFO: (function: run) Combine.cc: 715  CMS_HWW_boosted_ggFpt500toInf_mcstat_bin6_In 
INFO: (function: run) Combine.cc: 715  CMS_HWW_boosted_ggFpt500toInf_mcstat_bin7_In 
INFO: (function: run) Combine.cc: 715  CMS_HWW_boosted_jmr_2016_In 
INFO: (function: run) Combine.cc: 715  CMS_HWW_boosted_jmr_2016APV_In 
INFO: (function: run) Combine.cc: 715  CMS_HWW_boosted_jmr_2017_In 
INFO: (function: run) Combine.cc: 715  CMS_HWW_boosted_jmr_2018_In 
INFO: (function: run) Combine.cc: 715  CMS_HWW_boosted_jms_2016_In 
INFO: (function: run) Combine.cc: 715  CMS_HWW_boosted_jms_2016APV_In 
INFO: (function: run) Combine.cc: 715  CMS_HWW_boosted_jms_2017_In 
INFO: (function: run) Combine.cc: 715  CMS_HWW_boosted_jms_2018_In 
INFO: (function: run) Combine.cc: 715  CMS_HWW_boosted_lp_sf_region_a_In 
INFO: (function: run) Combine.cc: 715  CMS_HWW_boosted_lp_sf_region_b_In 
INFO: (function: run) Combine.cc: 715  CMS_HWW_boosted_miniisolation_SF_unc_In 
INFO: (function: run) Combine.cc: 715  CMS_HWW_boosted_mu_identification_In 
INFO: (function: run) Combine.cc: 715  CMS_HWW_boosted_mu_identification_stat_2016_In 
INFO: (function: run) Combine.cc: 715  CMS_HWW_boosted_mu_identification_stat_2016APV_In 
INFO: (function: run) Combine.cc: 715  CMS_HWW_boosted_mu_identification_stat_2017_In 
INFO: (function: run) Combine.cc: 715  CMS_HWW_boosted_mu_identification_stat_2018_In 
INFO: (function: run) Combine.cc: 715  CMS_HWW_boosted_mu_identification_syst_In 
INFO: (function: run) Combine.cc: 715  CMS_HWW_boosted_mu_isolation_In 
INFO: (function: run) Combine.cc: 715  CMS_HWW_boosted_mu_trigger_In 
INFO: (function: run) Combine.cc: 715  CMS_HWW_boosted_mu_trigger_iso_In 
INFO: (function: run) Combine.cc: 715  CMS_HWW_boosted_muon_veto_In 
INFO: (function: run) Combine.cc: 715  CMS_HWW_boosted_rest_bkg_rate_In 
INFO: (function: run) Combine.cc: 715  CMS_HWW_boosted_single_top_rate_In 
INFO: (function: run) Combine.cc: 715  CMS_HWW_boosted_tagger_In 
INFO: (function: run) Combine.cc: 715  CMS_HWW_boosted_taggereff_In 
INFO: (function: run) Combine.cc: 715  CMS_HWW_boosted_top_reweighting_In 
INFO: (function: run) Combine.cc: 715  CMS_HWW_boosted_triggerEffSF_uncorrelated_In 
INFO: (function: run) Combine.cc: 715  CMS_HWW_boosted_ttbar_rate_In 
INFO: (function: run) Combine.cc: 715  CMS_HWW_boosted_veff_2016_In 
INFO: (function: run) Combine.cc: 715  CMS_HWW_boosted_veff_2016APV_In 
INFO: (function: run) Combine.cc: 715  CMS_HWW_boosted_veff_2017_In 
INFO: (function: run) Combine.cc: 715  CMS_HWW_boosted_veff_2018_In 
INFO: (function: run) Combine.cc: 715  CMS_HWW_boosted_wjets_rate_In 
INFO: (function: run) Combine.cc: 715  CMS_l1_ecal_prefiring_2016_In 
INFO: (function: run) Combine.cc: 715  CMS_l1_ecal_prefiring_2016APV_In 
INFO: (function: run) Combine.cc: 715  CMS_l1_ecal_prefiring_2017_In 
INFO: (function: run) Combine.cc: 715  CMS_lumi_13TeV_1718_In 
INFO: (function: run) Combine.cc: 715  CMS_lumi_13TeV_2016_In 
INFO: (function: run) Combine.cc: 715  CMS_lumi_13TeV_2016APV_In 
INFO: (function: run) Combine.cc: 715  CMS_lumi_13TeV_2017_In 
INFO: (function: run) Combine.cc: 715  CMS_lumi_13TeV_2018_In 
INFO: (function: run) Combine.cc: 715  CMS_lumi_13TeV_correlated_In 
INFO: (function: run) Combine.cc: 715  CMS_pileup_2016_In 
INFO: (function: run) Combine.cc: 715  CMS_pileup_2016APV_In 
INFO: (function: run) Combine.cc: 715  CMS_pileup_2017_In 
INFO: (function: run) Combine.cc: 715  CMS_pileup_2018_In 
INFO: (function: run) Combine.cc: 715  CMS_pileup_id_In 
INFO: (function: run) Combine.cc: 715  CMS_res_j_2016_In 
INFO: (function: run) Combine.cc: 715  CMS_res_j_2016APV_In 
INFO: (function: run) Combine.cc: 715  CMS_res_j_2017_In 
INFO: (function: run) Combine.cc: 715  CMS_res_j_2018_In 
INFO: (function: run) Combine.cc: 715  CMS_scale_j_Abs_In 
INFO: (function: run) Combine.cc: 715  CMS_scale_j_Abs_2016_In 
INFO: (function: run) Combine.cc: 715  CMS_scale_j_Abs_2016APV_In 
INFO: (function: run) Combine.cc: 715  CMS_scale_j_Abs_2017_In 
INFO: (function: run) Combine.cc: 715  CMS_scale_j_Abs_2018_In 
INFO: (function: run) Combine.cc: 715  CMS_scale_j_BBEC1_In 
INFO: (function: run) Combine.cc: 715  CMS_scale_j_BBEC1_2016_In 
INFO: (function: run) Combine.cc: 715  CMS_scale_j_BBEC1_2016APV_In 
INFO: (function: run) Combine.cc: 715  CMS_scale_j_BBEC1_2017_In 
INFO: (function: run) Combine.cc: 715  CMS_scale_j_BBEC1_2018_In 
INFO: (function: run) Combine.cc: 715  CMS_scale_j_EC2_In 
INFO: (function: run) Combine.cc: 715  CMS_scale_j_EC2_2016_In 
INFO: (function: run) Combine.cc: 715  CMS_scale_j_EC2_2016APV_In 
INFO: (function: run) Combine.cc: 715  CMS_scale_j_EC2_2017_In 
INFO: (function: run) Combine.cc: 715  CMS_scale_j_EC2_2018_In 
INFO: (function: run) Combine.cc: 715  CMS_scale_j_FlavQCD_In 
INFO: (function: run) Combine.cc: 715  CMS_scale_j_HF_In 
INFO: (function: run) Combine.cc: 715  CMS_scale_j_HF_2016_In 
INFO: (function: run) Combine.cc: 715  CMS_scale_j_HF_2016APV_In 
INFO: (function: run) Combine.cc: 715  CMS_scale_j_HF_2017_In 
INFO: (function: run) Combine.cc: 715  CMS_scale_j_HF_2018_In 
INFO: (function: run) Combine.cc: 715  CMS_scale_j_RelBal_In 
INFO: (function: run) Combine.cc: 715  CMS_scale_j_RelSample_2016_In 
INFO: (function: run) Combine.cc: 715  CMS_scale_j_RelSample_2016APV_In 
INFO: (function: run) Combine.cc: 715  CMS_scale_j_RelSample_2017_In 
INFO: (function: run) Combine.cc: 715  CMS_scale_j_RelSample_2018_In 
INFO: (function: run) Combine.cc: 715  PDF_WH_ACCEPT_CMS_HWW_boosted_In 
INFO: (function: run) Combine.cc: 715  PDF_ZH_ACCEPT_CMS_HWW_boosted_In 
INFO: (function: run) Combine.cc: 715  PDF_ggH_ACCEPT_CMS_HWW_boosted_In 
INFO: (function: run) Combine.cc: 715  PDF_qqH_ACCEPT_CMS_HWW_boosted_In 
INFO: (function: run) Combine.cc: 715  PDF_single_top_ACCEPT_CMS_HWW_boosted_In 
INFO: (function: run) Combine.cc: 715  PDF_singletop_ACCEPT_CMS_HWW_boosted_In 
INFO: (function: run) Combine.cc: 715  PDF_ttH_ACCEPT_CMS_HWW_boosted_In 
INFO: (function: run) Combine.cc: 715  PDF_ttbar_ACCEPT_CMS_HWW_boosted_In 
INFO: (function: run) Combine.cc: 715  PDF_wjets_ACCEPT_CMS_HWW_boosted_In 
INFO: (function: run) Combine.cc: 715  QCDscale_VBF_In 
INFO: (function: run) Combine.cc: 715  QCDscale_WH_In 
INFO: (function: run) Combine.cc: 715  QCDscale_WH_ACCEPT_CMS_HWW_boosted_In 
INFO: (function: run) Combine.cc: 715  QCDscale_ZH_In 
INFO: (function: run) Combine.cc: 715  QCDscale_ZH_ACCEPT_CMS_HWW_boosted_In 
INFO: (function: run) Combine.cc: 715  QCDscale_ggF_In 
INFO: (function: run) Combine.cc: 715  QCDscale_ggH_In 
INFO: (function: run) Combine.cc: 715  QCDscale_ggH_ACCEPT_CMS_HWW_boosted_In 
INFO: (function: run) Combine.cc: 715  QCDscale_qqH_In 
INFO: (function: run) Combine.cc: 715  QCDscale_qqH_ACCEPT_CMS_HWW_boosted_In 
INFO: (function: run) Combine.cc: 715  QCDscale_rest_bkg_In 
INFO: (function: run) Combine.cc: 715  QCDscale_single_top_In 
INFO: (function: run) Combine.cc: 715  QCDscale_single_top_ACCEPT_CMS_HWW_boosted_In 
INFO: (function: run) Combine.cc: 715  QCDscale_singletop_ACCEPT_CMS_HWW_boosted_In 
INFO: (function: run) Combine.cc: 715  QCDscale_ttH_In 
INFO: (function: run) Combine.cc: 715  QCDscale_ttH_ACCEPT_CMS_HWW_boosted_In 
INFO: (function: run) Combine.cc: 715  QCDscale_ttbar_In 
INFO: (function: run) Combine.cc: 715  QCDscale_ttbar_ACCEPT_CMS_HWW_boosted_In 
INFO: (function: run) Combine.cc: 715  QCDscale_wjets_In 
INFO: (function: run) Combine.cc: 715  QCDscale_wjets_ACCEPT_CMS_HWW_boosted_In 
INFO: (function: run) Combine.cc: 715  alpha_s_In 
INFO: (function: run) Combine.cc: 715  lumi_13TeV_1718_In 
INFO: (function: run) Combine.cc: 715  lumi_13TeV_2016_In 
INFO: (function: run) Combine.cc: 715  lumi_13TeV_2017_In 
INFO: (function: run) Combine.cc: 715  lumi_13TeV_2018_In 
INFO: (function: run) Combine.cc: 715  lumi_13TeV_correlated_In 
INFO: (function: run) Combine.cc: 715  pdf_Higgs_WH_In 
INFO: (function: run) Combine.cc: 715  pdf_Higgs_ZH_In 
INFO: (function: run) Combine.cc: 715  pdf_Higgs_ggH_In 
INFO: (function: run) Combine.cc: 715  pdf_Higgs_qqH_In 
INFO: (function: run) Combine.cc: 715  pdf_Higgs_ttH_In 
INFO: (function: run) Combine.cc: 715  pdf_rest_bkg_In 
INFO: (function: run) Combine.cc: 715  pdf_single_top_In 
INFO: (function: run) Combine.cc: 715  pdf_ttbar_In 
INFO: (function: run) Combine.cc: 715  pdf_wjets_In 
INFO: (function: run) Combine.cc: 715  ps_fsr_WH_In 
INFO: (function: run) Combine.cc: 715  ps_fsr_ZH_In 
INFO: (function: run) Combine.cc: 715  ps_fsr_ggH_In 
INFO: (function: run) Combine.cc: 715  ps_fsr_qqH_In 
INFO: (function: run) Combine.cc: 715  ps_fsr_rest_bkg_In 
INFO: (function: run) Combine.cc: 715  ps_fsr_single_top_In 
INFO: (function: run) Combine.cc: 715  ps_fsr_singletop_In 
INFO: (function: run) Combine.cc: 715  ps_fsr_ttH_In 
INFO: (function: run) Combine.cc: 715  ps_fsr_ttbar_In 
INFO: (function: run) Combine.cc: 715  ps_fsr_wjets_In 
INFO: (function: run) Combine.cc: 715  ps_isr_WH_In 
INFO: (function: run) Combine.cc: 715  ps_isr_ZH_In 
INFO: (function: run) Combine.cc: 715  ps_isr_ggH_In 
INFO: (function: run) Combine.cc: 715  ps_isr_qqH_In 
INFO: (function: run) Combine.cc: 715  ps_isr_rest_bkg_In 
INFO: (function: run) Combine.cc: 715  ps_isr_single_top_In 
INFO: (function: run) Combine.cc: 715  ps_isr_singletop_In 
INFO: (function: run) Combine.cc: 715  ps_isr_ttH_In 
INFO: (function: run) Combine.cc: 715  ps_isr_ttbar_In 
INFO: (function: run) Combine.cc: 715  ps_isr_wjets_In 
INFO: (function: run) Combine.cc: 715  unclustered_Energy_In 
INFO: (function: run) Combine.cc: 715  shapeBkg_ttbar_CR1__norm 
INFO: (function: run) Combine.cc: 715  shapeBkg_single_top_CR1__norm 
INFO: (function: run) Combine.cc: 715  shapeBkg_wjets_CR1__norm 
INFO: (function: run) Combine.cc: 715  shapeBkg_rest_bkg_CR1__norm 
INFO: (function: run) Combine.cc: 715  shapeBkg_ttbar_CR1Blinded__norm 
INFO: (function: run) Combine.cc: 715  shapeBkg_single_top_CR1Blinded__norm 
INFO: (function: run) Combine.cc: 715  shapeBkg_wjets_CR1Blinded__norm 
INFO: (function: run) Combine.cc: 715  shapeBkg_rest_bkg_CR1Blinded__norm 
INFO: (function: run) Combine.cc: 715  shapeSig_ggH_hww_SR1a__norm 
INFO: (function: run) Combine.cc: 715  shapeSig_qqH_hww_SR1a__norm 
INFO: (function: run) Combine.cc: 715  shapeSig_WH_hww_SR1a__norm 
INFO: (function: run) Combine.cc: 715  shapeSig_ZH_hww_SR1a__norm 
INFO: (function: run) Combine.cc: 715  shapeSig_ttH_hww_SR1a__norm 
INFO: (function: run) Combine.cc: 715  shapeBkg_ttbar_SR1a__norm 
INFO: (function: run) Combine.cc: 715  shapeBkg_single_top_SR1a__norm 
INFO: (function: run) Combine.cc: 715  shapeBkg_wjets_SR1a__norm 
INFO: (function: run) Combine.cc: 715  shapeBkg_rest_bkg_SR1a__norm 
INFO: (function: run) Combine.cc: 715  shapeSig_ggH_hww_SR1aBlinded__norm 
INFO: (function: run) Combine.cc: 715  shapeSig_qqH_hww_SR1aBlinded__norm 
INFO: (function: run) Combine.cc: 715  shapeSig_WH_hww_SR1aBlinded__norm 
INFO: (function: run) Combine.cc: 715  shapeSig_ZH_hww_SR1aBlinded__norm 
INFO: (function: run) Combine.cc: 715  shapeSig_ttH_hww_SR1aBlinded__norm 
INFO: (function: run) Combine.cc: 715  shapeBkg_ttbar_SR1aBlinded__norm 
INFO: (function: run) Combine.cc: 715  shapeBkg_single_top_SR1aBlinded__norm 
INFO: (function: run) Combine.cc: 715  shapeBkg_wjets_SR1aBlinded__norm 
INFO: (function: run) Combine.cc: 715  shapeBkg_rest_bkg_SR1aBlinded__norm 
INFO: (function: run) Combine.cc: 715  shapeSig_ggH_hww_SR1b__norm 
INFO: (function: run) Combine.cc: 715  shapeSig_qqH_hww_SR1b__norm 
INFO: (function: run) Combine.cc: 715  shapeSig_WH_hww_SR1b__norm 
INFO: (function: run) Combine.cc: 715  shapeSig_ZH_hww_SR1b__norm 
INFO: (function: run) Combine.cc: 715  shapeSig_ttH_hww_SR1b__norm 
INFO: (function: run) Combine.cc: 715  shapeBkg_ttbar_SR1b__norm 
INFO: (function: run) Combine.cc: 715  shapeBkg_single_top_SR1b__norm 
INFO: (function: run) Combine.cc: 715  shapeBkg_wjets_SR1b__norm 
INFO: (function: run) Combine.cc: 715  shapeBkg_rest_bkg_SR1b__norm 
INFO: (function: run) Combine.cc: 715  shapeSig_ggH_hww_SR1bBlinded__norm 
INFO: (function: run) Combine.cc: 715  shapeSig_qqH_hww_SR1bBlinded__norm 
INFO: (function: run) Combine.cc: 715  shapeSig_WH_hww_SR1bBlinded__norm 
INFO: (function: run) Combine.cc: 715  shapeSig_ZH_hww_SR1bBlinded__norm 
INFO: (function: run) Combine.cc: 715  shapeSig_ttH_hww_SR1bBlinded__norm 
INFO: (function: run) Combine.cc: 715  shapeBkg_ttbar_SR1bBlinded__norm 
INFO: (function: run) Combine.cc: 715  shapeBkg_single_top_SR1bBlinded__norm 
INFO: (function: run) Combine.cc: 715  shapeBkg_wjets_SR1bBlinded__norm 
INFO: (function: run) Combine.cc: 715  shapeBkg_rest_bkg_SR1bBlinded__norm 
INFO: (function: run) Combine.cc: 715  shapeBkg_ttbar_CR2__norm 
INFO: (function: run) Combine.cc: 715  shapeBkg_single_top_CR2__norm 
INFO: (function: run) Combine.cc: 715  shapeBkg_wjets_CR2__norm 
INFO: (function: run) Combine.cc: 715  shapeBkg_rest_bkg_CR2__norm 
INFO: (function: run) Combine.cc: 715  shapeBkg_ttbar_CR2Blinded__norm 
INFO: (function: run) Combine.cc: 715  shapeBkg_single_top_CR2Blinded__norm 
INFO: (function: run) Combine.cc: 715  shapeBkg_wjets_CR2Blinded__norm 
INFO: (function: run) Combine.cc: 715  shapeBkg_rest_bkg_CR2Blinded__norm 
INFO: (function: run) Combine.cc: 715  shapeSig_ggH_hww_SR2a__norm 
INFO: (function: run) Combine.cc: 715  shapeSig_qqH_hww_SR2a__norm 
INFO: (function: run) Combine.cc: 715  shapeSig_WH_hww_SR2a__norm 
INFO: (function: run) Combine.cc: 715  shapeSig_ZH_hww_SR2a__norm 
INFO: (function: run) Combine.cc: 715  shapeSig_ttH_hww_SR2a__norm 
INFO: (function: run) Combine.cc: 715  shapeBkg_ttbar_SR2a__norm 
INFO: (function: run) Combine.cc: 715  shapeBkg_single_top_SR2a__norm 
INFO: (function: run) Combine.cc: 715  shapeBkg_wjets_SR2a__norm 
INFO: (function: run) Combine.cc: 715  shapeBkg_rest_bkg_SR2a__norm 
INFO: (function: run) Combine.cc: 715  shapeSig_ggH_hww_SR2aBlinded__norm 
INFO: (function: run) Combine.cc: 715  shapeSig_qqH_hww_SR2aBlinded__norm 
INFO: (function: run) Combine.cc: 715  shapeSig_WH_hww_SR2aBlinded__norm 
INFO: (function: run) Combine.cc: 715  shapeSig_ZH_hww_SR2aBlinded__norm 
INFO: (function: run) Combine.cc: 715  shapeSig_ttH_hww_SR2aBlinded__norm 
INFO: (function: run) Combine.cc: 715  shapeBkg_ttbar_SR2aBlinded__norm 
INFO: (function: run) Combine.cc: 715  shapeBkg_single_top_SR2aBlinded__norm 
INFO: (function: run) Combine.cc: 715  shapeBkg_wjets_SR2aBlinded__norm 
INFO: (function: run) Combine.cc: 715  shapeBkg_rest_bkg_SR2aBlinded__norm 
INFO: (function: run) Combine.cc: 715  shapeSig_ggH_hww_SR2b__norm 
INFO: (function: run) Combine.cc: 715  shapeSig_qqH_hww_SR2b__norm 
INFO: (function: run) Combine.cc: 715  shapeSig_WH_hww_SR2b__norm 
INFO: (function: run) Combine.cc: 715  shapeSig_ZH_hww_SR2b__norm 
INFO: (function: run) Combine.cc: 715  shapeSig_ttH_hww_SR2b__norm 
INFO: (function: run) Combine.cc: 715  shapeBkg_ttbar_SR2b__norm 
INFO: (function: run) Combine.cc: 715  shapeBkg_single_top_SR2b__norm 
INFO: (function: run) Combine.cc: 715  shapeBkg_wjets_SR2b__norm 
INFO: (function: run) Combine.cc: 715  shapeBkg_rest_bkg_SR2b__norm 
INFO: (function: run) Combine.cc: 715  shapeSig_ggH_hww_SR2bBlinded__norm 
INFO: (function: run) Combine.cc: 715  shapeSig_qqH_hww_SR2bBlinded__norm 
INFO: (function: run) Combine.cc: 715  shapeSig_WH_hww_SR2bBlinded__norm 
INFO: (function: run) Combine.cc: 715  shapeSig_ZH_hww_SR2bBlinded__norm 
INFO: (function: run) Combine.cc: 715  shapeSig_ttH_hww_SR2bBlinded__norm 
INFO: (function: run) Combine.cc: 715  shapeBkg_ttbar_SR2bBlinded__norm 
INFO: (function: run) Combine.cc: 715  shapeBkg_single_top_SR2bBlinded__norm 
INFO: (function: run) Combine.cc: 715  shapeBkg_wjets_SR2bBlinded__norm 
INFO: (function: run) Combine.cc: 715  shapeBkg_rest_bkg_SR2bBlinded__norm 
INFO: (function: run) Combine.cc: 715  shapeSig_ggH_hww_VBF__norm 
INFO: (function: run) Combine.cc: 715  shapeSig_qqH_hww_VBF__norm 
INFO: (function: run) Combine.cc: 715  shapeSig_WH_hww_VBF__norm 
INFO: (function: run) Combine.cc: 715  shapeSig_ZH_hww_VBF__norm 
INFO: (function: run) Combine.cc: 715  shapeSig_ttH_hww_VBF__norm 
INFO: (function: run) Combine.cc: 715  shapeBkg_ttbar_VBF__norm 
INFO: (function: run) Combine.cc: 715  shapeBkg_wjets_VBF__norm 
INFO: (function: run) Combine.cc: 715  shapeBkg_singletop_VBF__norm 
INFO: (function: run) Combine.cc: 715  shapeBkg_zjets_VBF__norm 
INFO: (function: run) Combine.cc: 715  shapeBkg_diboson_VBF__norm 
INFO: (function: run) Combine.cc: 715  shapeBkg_ewkvjets_VBF__norm 
INFO: (function: run) Combine.cc: 715  shapeBkg_fake_VBF__norm 
INFO: (function: run) Combine.cc: 715  shapeSig_ggH_hww_ggFpt250to350__norm 
INFO: (function: run) Combine.cc: 715  shapeSig_qqH_hww_ggFpt250to350__norm 
INFO: (function: run) Combine.cc: 715  shapeSig_WH_hww_ggFpt250to350__norm 
INFO: (function: run) Combine.cc: 715  shapeSig_ZH_hww_ggFpt250to350__norm 
INFO: (function: run) Combine.cc: 715  shapeSig_ttH_hww_ggFpt250to350__norm 
INFO: (function: run) Combine.cc: 715  shapeBkg_ttbar_ggFpt250to350__norm 
INFO: (function: run) Combine.cc: 715  shapeBkg_wjets_ggFpt250to350__norm 
INFO: (function: run) Combine.cc: 715  shapeBkg_singletop_ggFpt250to350__norm 
INFO: (function: run) Combine.cc: 715  shapeBkg_zjets_ggFpt250to350__norm 
INFO: (function: run) Combine.cc: 715  shapeBkg_diboson_ggFpt250to350__norm 
INFO: (function: run) Combine.cc: 715  shapeBkg_ewkvjets_ggFpt250to350__norm 
INFO: (function: run) Combine.cc: 715  shapeBkg_fake_ggFpt250to350__norm 
INFO: (function: run) Combine.cc: 715  shapeSig_ggH_hww_ggFpt350to500__norm 
INFO: (function: run) Combine.cc: 715  shapeSig_qqH_hww_ggFpt350to500__norm 
INFO: (function: run) Combine.cc: 715  shapeSig_WH_hww_ggFpt350to500__norm 
INFO: (function: run) Combine.cc: 715  shapeSig_ZH_hww_ggFpt350to500__norm 
INFO: (function: run) Combine.cc: 715  shapeSig_ttH_hww_ggFpt350to500__norm 
INFO: (function: run) Combine.cc: 715  shapeBkg_ttbar_ggFpt350to500__norm 
INFO: (function: run) Combine.cc: 715  shapeBkg_wjets_ggFpt350to500__norm 
INFO: (function: run) Combine.cc: 715  shapeBkg_singletop_ggFpt350to500__norm 
INFO: (function: run) Combine.cc: 715  shapeBkg_zjets_ggFpt350to500__norm 
INFO: (function: run) Combine.cc: 715  shapeBkg_diboson_ggFpt350to500__norm 
INFO: (function: run) Combine.cc: 715  shapeBkg_ewkvjets_ggFpt350to500__norm 
INFO: (function: run) Combine.cc: 715  shapeBkg_fake_ggFpt350to500__norm 
INFO: (function: run) Combine.cc: 715  shapeSig_ggH_hww_ggFpt500toInf__norm 
INFO: (function: run) Combine.cc: 715  shapeSig_qqH_hww_ggFpt500toInf__norm 
INFO: (function: run) Combine.cc: 715  shapeSig_WH_hww_ggFpt500toInf__norm 
INFO: (function: run) Combine.cc: 715  shapeSig_ZH_hww_ggFpt500toInf__norm 
INFO: (function: run) Combine.cc: 715  shapeSig_ttH_hww_ggFpt500toInf__norm 
INFO: (function: run) Combine.cc: 715  shapeBkg_ttbar_ggFpt500toInf__norm 
INFO: (function: run) Combine.cc: 715  shapeBkg_wjets_ggFpt500toInf__norm 
INFO: (function: run) Combine.cc: 715  shapeBkg_singletop_ggFpt500toInf__norm 
INFO: (function: run) Combine.cc: 715  shapeBkg_zjets_ggFpt500toInf__norm 
INFO: (function: run) Combine.cc: 715  shapeBkg_diboson_ggFpt500toInf__norm 
INFO: (function: run) Combine.cc: 715  shapeBkg_ewkvjets_ggFpt500toInf__norm 
INFO: (function: run) Combine.cc: 715  shapeBkg_fake_ggFpt500toInf__norm 
INFO: (function: run) Combine.cc: 715  shapeSig_ggH_hww_TopCR__norm 
INFO: (function: run) Combine.cc: 715  shapeSig_qqH_hww_TopCR__norm 
INFO: (function: run) Combine.cc: 715  shapeSig_WH_hww_TopCR__norm 
INFO: (function: run) Combine.cc: 715  shapeSig_ZH_hww_TopCR__norm 
INFO: (function: run) Combine.cc: 715  shapeSig_ttH_hww_TopCR__norm 
INFO: (function: run) Combine.cc: 715  shapeBkg_ttbar_TopCR__norm 
INFO: (function: run) Combine.cc: 715  shapeBkg_wjets_TopCR__norm 
INFO: (function: run) Combine.cc: 715  shapeBkg_singletop_TopCR__norm 
INFO: (function: run) Combine.cc: 715  shapeBkg_zjets_TopCR__norm 
INFO: (function: run) Combine.cc: 715  shapeBkg_diboson_TopCR__norm 
INFO: (function: run) Combine.cc: 715  shapeBkg_ewkvjets_TopCR__norm 
INFO: (function: run) Combine.cc: 715  shapeBkg_fake_TopCR__norm 
INFO: (function: run) Combine.cc: 715  shapeSig_ggH_hww_WJetsCR__norm 
INFO: (function: run) Combine.cc: 715  shapeSig_qqH_hww_WJetsCR__norm 
INFO: (function: run) Combine.cc: 715  shapeSig_WH_hww_WJetsCR__norm 
INFO: (function: run) Combine.cc: 715  shapeSig_ZH_hww_WJetsCR__norm 
INFO: (function: run) Combine.cc: 715  shapeSig_ttH_hww_WJetsCR__norm 
INFO: (function: run) Combine.cc: 715  shapeBkg_ttbar_WJetsCR__norm 
INFO: (function: run) Combine.cc: 715  shapeBkg_wjets_WJetsCR__norm 
INFO: (function: run) Combine.cc: 715  shapeBkg_singletop_WJetsCR__norm 
INFO: (function: run) Combine.cc: 715  shapeBkg_zjets_WJetsCR__norm 
INFO: (function: run) Combine.cc: 715  shapeBkg_diboson_WJetsCR__norm 
INFO: (function: run) Combine.cc: 715  shapeBkg_ewkvjets_WJetsCR__norm 
INFO: (function: run) Combine.cc: 715  shapeBkg_fake_WJetsCR__norm 
INFO: (function: run) Combine.cc: 715  shapeSig_WH_SR1fail2016__norm 
INFO: (function: run) Combine.cc: 715  shapeSig_ZH_SR1fail2016__norm 
INFO: (function: run) Combine.cc: 715  shapeSig_VBF_SR1fail2016__norm 
INFO: (function: run) Combine.cc: 715  shapeSig_ggF_SR1fail2016__norm 
INFO: (function: run) Combine.cc: 715  shapeSig_ttH_SR1fail2016__norm 
INFO: (function: run) Combine.cc: 715  shapeBkg_WJetsLNu_SR1fail2016__norm 
INFO: (function: run) Combine.cc: 715  shapeBkg_TTbar_SR1fail2016__norm 
INFO: (function: run) Combine.cc: 715  shapeBkg_SingleTop_SR1fail2016__norm 
INFO: (function: run) Combine.cc: 715  shapeBkg_DYJets_SR1fail2016__norm 
INFO: (function: run) Combine.cc: 715  shapeBkg_Diboson_SR1fail2016__norm 
INFO: (function: run) Combine.cc: 715  shapeSig_WH_SR1fail2016APV__norm 
INFO: (function: run) Combine.cc: 715  shapeSig_ZH_SR1fail2016APV__norm 
INFO: (function: run) Combine.cc: 715  shapeSig_VBF_SR1fail2016APV__norm 
INFO: (function: run) Combine.cc: 715  shapeSig_ggF_SR1fail2016APV__norm 
INFO: (function: run) Combine.cc: 715  shapeSig_ttH_SR1fail2016APV__norm 
INFO: (function: run) Combine.cc: 715  shapeBkg_WJetsLNu_SR1fail2016APV__norm 
INFO: (function: run) Combine.cc: 715  shapeBkg_TTbar_SR1fail2016APV__norm 
INFO: (function: run) Combine.cc: 715  shapeBkg_SingleTop_SR1fail2016APV__norm 
INFO: (function: run) Combine.cc: 715  shapeBkg_DYJets_SR1fail2016APV__norm 
INFO: (function: run) Combine.cc: 715  shapeBkg_Diboson_SR1fail2016APV__norm 
INFO: (function: run) Combine.cc: 715  shapeSig_WH_SR1fail2017__norm 
INFO: (function: run) Combine.cc: 715  shapeSig_ZH_SR1fail2017__norm 
INFO: (function: run) Combine.cc: 715  shapeSig_VBF_SR1fail2017__norm 
INFO: (function: run) Combine.cc: 715  shapeSig_ggF_SR1fail2017__norm 
INFO: (function: run) Combine.cc: 715  shapeSig_ttH_SR1fail2017__norm 
INFO: (function: run) Combine.cc: 715  shapeBkg_WJetsLNu_SR1fail2017__norm 
INFO: (function: run) Combine.cc: 715  shapeBkg_TTbar_SR1fail2017__norm 
INFO: (function: run) Combine.cc: 715  shapeBkg_SingleTop_SR1fail2017__norm 
INFO: (function: run) Combine.cc: 715  shapeBkg_DYJets_SR1fail2017__norm 
INFO: (function: run) Combine.cc: 715  shapeBkg_Diboson_SR1fail2017__norm 
INFO: (function: run) Combine.cc: 715  shapeBkg_fake_SR1fail2017__norm 
INFO: (function: run) Combine.cc: 715  shapeSig_WH_SR1fail2018__norm 
INFO: (function: run) Combine.cc: 715  shapeSig_ZH_SR1fail2018__norm 
INFO: (function: run) Combine.cc: 715  shapeSig_ggF_SR1fail2018__norm 
INFO: (function: run) Combine.cc: 715  shapeSig_ttH_SR1fail2018__norm 
INFO: (function: run) Combine.cc: 715  shapeBkg_WJetsLNu_SR1fail2018__norm 
INFO: (function: run) Combine.cc: 715  shapeBkg_TTbar_SR1fail2018__norm 
INFO: (function: run) Combine.cc: 715  shapeBkg_SingleTop_SR1fail2018__norm 
INFO: (function: run) Combine.cc: 715  shapeBkg_DYJets_SR1fail2018__norm 
INFO: (function: run) Combine.cc: 715  shapeBkg_Diboson_SR1fail2018__norm 
INFO: (function: run) Combine.cc: 715  shapeBkg_fake_SR1fail2018__norm 
INFO: (function: run) Combine.cc: 715  shapeSig_WH_SR1pass2016__norm 
INFO: (function: run) Combine.cc: 715  shapeSig_ZH_SR1pass2016__norm 
INFO: (function: run) Combine.cc: 715  shapeSig_VBF_SR1pass2016__norm 
INFO: (function: run) Combine.cc: 715  shapeSig_ggF_SR1pass2016__norm 
INFO: (function: run) Combine.cc: 715  shapeSig_ttH_SR1pass2016__norm 
INFO: (function: run) Combine.cc: 715  shapeBkg_WJetsLNu_SR1pass2016__norm 
INFO: (function: run) Combine.cc: 715  shapeBkg_TTbar_SR1pass2016__norm 
INFO: (function: run) Combine.cc: 715  shapeBkg_SingleTop_SR1pass2016__norm 
INFO: (function: run) Combine.cc: 715  shapeBkg_DYJets_SR1pass2016__norm 
INFO: (function: run) Combine.cc: 715  shapeBkg_Diboson_SR1pass2016__norm 
INFO: (function: run) Combine.cc: 715  shapeSig_WH_SR1pass2016APV__norm 
INFO: (function: run) Combine.cc: 715  shapeSig_ZH_SR1pass2016APV__norm 
INFO: (function: run) Combine.cc: 715  shapeSig_VBF_SR1pass2016APV__norm 
INFO: (function: run) Combine.cc: 715  shapeSig_ggF_SR1pass2016APV__norm 
INFO: (function: run) Combine.cc: 715  shapeSig_ttH_SR1pass2016APV__norm 
INFO: (function: run) Combine.cc: 715  shapeBkg_WJetsLNu_SR1pass2016APV__norm 
INFO: (function: run) Combine.cc: 715  shapeBkg_TTbar_SR1pass2016APV__norm 
INFO: (function: run) Combine.cc: 715  shapeBkg_SingleTop_SR1pass2016APV__norm 
INFO: (function: run) Combine.cc: 715  shapeBkg_DYJets_SR1pass2016APV__norm 
INFO: (function: run) Combine.cc: 715  shapeBkg_Diboson_SR1pass2016APV__norm 
INFO: (function: run) Combine.cc: 715  shapeSig_WH_SR1pass2017__norm 
INFO: (function: run) Combine.cc: 715  shapeSig_ZH_SR1pass2017__norm 
INFO: (function: run) Combine.cc: 715  shapeSig_VBF_SR1pass2017__norm 
INFO: (function: run) Combine.cc: 715  shapeSig_ggF_SR1pass2017__norm 
INFO: (function: run) Combine.cc: 715  shapeSig_ttH_SR1pass2017__norm 
INFO: (function: run) Combine.cc: 715  shapeBkg_WJetsLNu_SR1pass2017__norm 
INFO: (function: run) Combine.cc: 715  shapeBkg_TTbar_SR1pass2017__norm 
INFO: (function: run) Combine.cc: 715  shapeBkg_SingleTop_SR1pass2017__norm 
INFO: (function: run) Combine.cc: 715  shapeBkg_DYJets_SR1pass2017__norm 
INFO: (function: run) Combine.cc: 715  shapeBkg_Diboson_SR1pass2017__norm 
INFO: (function: run) Combine.cc: 715  shapeBkg_fake_SR1pass2017__norm 
INFO: (function: run) Combine.cc: 715  shapeSig_WH_SR1pass2018__norm 
INFO: (function: run) Combine.cc: 715  shapeSig_ZH_SR1pass2018__norm 
INFO: (function: run) Combine.cc: 715  shapeSig_ggF_SR1pass2018__norm 
INFO: (function: run) Combine.cc: 715  shapeSig_ttH_SR1pass2018__norm 
INFO: (function: run) Combine.cc: 715  shapeBkg_WJetsLNu_SR1pass2018__norm 
INFO: (function: run) Combine.cc: 715  shapeBkg_TTbar_SR1pass2018__norm 
INFO: (function: run) Combine.cc: 715  shapeBkg_SingleTop_SR1pass2018__norm 
INFO: (function: run) Combine.cc: 715  shapeBkg_DYJets_SR1pass2018__norm 
INFO: (function: run) Combine.cc: 715  shapeBkg_Diboson_SR1pass2018__norm 
INFO: (function: run) Combine.cc: 715  shapeBkg_fake_SR1pass2018__norm 
INFO: (function: run) Combine.cc: 715  shapeBkg_WJetsLNu_TopCRfail2016__norm 
INFO: (function: run) Combine.cc: 715  shapeBkg_DYJets_TopCRfail2016__norm 
INFO: (function: run) Combine.cc: 715  shapeBkg_TTbar_TopCRfail2016__norm 
INFO: (function: run) Combine.cc: 715  shapeBkg_SingleTop_TopCRfail2016__norm 
INFO: (function: run) Combine.cc: 715  shapeBkg_WJetsLNu_TopCRfail2016APV__norm 
INFO: (function: run) Combine.cc: 715  shapeBkg_DYJets_TopCRfail2016APV__norm 
INFO: (function: run) Combine.cc: 715  shapeBkg_TTbar_TopCRfail2016APV__norm 
INFO: (function: run) Combine.cc: 715  shapeBkg_SingleTop_TopCRfail2016APV__norm 
INFO: (function: run) Combine.cc: 715  shapeBkg_WJetsLNu_TopCRfail2017__norm 
INFO: (function: run) Combine.cc: 715  shapeBkg_DYJets_TopCRfail2017__norm 
INFO: (function: run) Combine.cc: 715  shapeBkg_TTbar_TopCRfail2017__norm 
INFO: (function: run) Combine.cc: 715  shapeBkg_SingleTop_TopCRfail2017__norm 
INFO: (function: run) Combine.cc: 715  shapeBkg_WJetsLNu_TopCRfail2018__norm 
INFO: (function: run) Combine.cc: 715  shapeBkg_DYJets_TopCRfail2018__norm 
INFO: (function: run) Combine.cc: 715  shapeBkg_TTbar_TopCRfail2018__norm 
INFO: (function: run) Combine.cc: 715  shapeBkg_SingleTop_TopCRfail2018__norm 
INFO: (function: run) Combine.cc: 715  shapeBkg_WJetsLNu_TopCRpass2016__norm 
INFO: (function: run) Combine.cc: 715  shapeBkg_DYJets_TopCRpass2016__norm 
INFO: (function: run) Combine.cc: 715  shapeBkg_TTbar_TopCRpass2016__norm 
INFO: (function: run) Combine.cc: 715  shapeBkg_SingleTop_TopCRpass2016__norm 
INFO: (function: run) Combine.cc: 715  shapeBkg_WJetsLNu_TopCRpass2016APV__norm 
INFO: (function: run) Combine.cc: 715  shapeBkg_DYJets_TopCRpass2016APV__norm 
INFO: (function: run) Combine.cc: 715  shapeBkg_TTbar_TopCRpass2016APV__norm 
INFO: (function: run) Combine.cc: 715  shapeBkg_SingleTop_TopCRpass2016APV__norm 
INFO: (function: run) Combine.cc: 715  shapeBkg_WJetsLNu_TopCRpass2017__norm 
INFO: (function: run) Combine.cc: 715  shapeBkg_DYJets_TopCRpass2017__norm 
INFO: (function: run) Combine.cc: 715  shapeBkg_TTbar_TopCRpass2017__norm 
INFO: (function: run) Combine.cc: 715  shapeBkg_SingleTop_TopCRpass2017__norm 
INFO: (function: run) Combine.cc: 715  shapeBkg_WJetsLNu_TopCRpass2018__norm 
INFO: (function: run) Combine.cc: 715  shapeBkg_DYJets_TopCRpass2018__norm 
INFO: (function: run) Combine.cc: 715  shapeBkg_TTbar_TopCRpass2018__norm 
INFO: (function: run) Combine.cc: 715  shapeBkg_SingleTop_TopCRpass2018__norm 
INFO: (function: run) Combine.cc: 715  n_exp_binCR1_proc_CMS_HWW_boosted_qcd_datadriven 
INFO: (function: run) Combine.cc: 715  n_exp_binCR1Blinded_proc_CMS_HWW_boosted_qcd_datadriven 
INFO: (function: run) Combine.cc: 715  n_exp_binSR1a_proc_CMS_HWW_boosted_qcd_datadriven 
INFO: (function: run) Combine.cc: 715  n_exp_binSR1aBlinded_proc_CMS_HWW_boosted_qcd_datadriven 
INFO: (function: run) Combine.cc: 715  n_exp_binSR1b_proc_CMS_HWW_boosted_qcd_datadriven 
INFO: (function: run) Combine.cc: 715  n_exp_binSR1bBlinded_proc_CMS_HWW_boosted_qcd_datadriven 
INFO: (function: run) Combine.cc: 715  n_exp_binCR2_proc_CMS_HWW_boosted_qcd_datadriven 
INFO: (function: run) Combine.cc: 715  n_exp_binCR2Blinded_proc_CMS_HWW_boosted_qcd_datadriven 
INFO: (function: run) Combine.cc: 715  n_exp_binSR2a_proc_CMS_HWW_boosted_qcd_datadriven 
INFO: (function: run) Combine.cc: 715  n_exp_binSR2aBlinded_proc_CMS_HWW_boosted_qcd_datadriven 
INFO: (function: run) Combine.cc: 715  n_exp_binSR2b_proc_CMS_HWW_boosted_qcd_datadriven 
INFO: (function: run) Combine.cc: 715  n_exp_binSR2bBlinded_proc_CMS_HWW_boosted_qcd_datadriven 
INFO: (function: generateAsimov) ToyMCSamplerOpt.cc: 146 -- Using internal logic for binned/unbinned Asimov dataset generation
INFO: (function: generateWithHisto) ToyMCSamplerOpt.cc: 221 -- Generating asimov with histogram for pdf pdf_binCR1_obsOnly: in 20 x-bins
INFO: (function: generateAsimov) ToyMCSamplerOpt.cc: 146 -- Using internal logic for binned/unbinned Asimov dataset generation
INFO: (function: generateWithHisto) ToyMCSamplerOpt.cc: 221 -- Generating asimov with histogram for pdf pdf_binCR1Blinded_obsOnly: in 20 x-bins
INFO: (function: generateAsimov) ToyMCSamplerOpt.cc: 146 -- Using internal logic for binned/unbinned Asimov dataset generation
INFO: (function: generateWithHisto) ToyMCSamplerOpt.cc: 221 -- Generating asimov with histogram for pdf pdf_binSR1a_obsOnly: in 20 x-bins
INFO: (function: generateAsimov) ToyMCSamplerOpt.cc: 146 -- Using internal logic for binned/unbinned Asimov dataset generation
INFO: (function: generateWithHisto) ToyMCSamplerOpt.cc: 221 -- Generating asimov with histogram for pdf pdf_binSR1aBlinded_obsOnly: in 20 x-bins
INFO: (function: generateAsimov) ToyMCSamplerOpt.cc: 146 -- Using internal logic for binned/unbinned Asimov dataset generation
INFO: (function: generateWithHisto) ToyMCSamplerOpt.cc: 221 -- Generating asimov with histogram for pdf pdf_binSR1b_obsOnly: in 20 x-bins
INFO: (function: generateAsimov) ToyMCSamplerOpt.cc: 146 -- Using internal logic for binned/unbinned Asimov dataset generation
INFO: (function: generateWithHisto) ToyMCSamplerOpt.cc: 221 -- Generating asimov with histogram for pdf pdf_binSR1bBlinded_obsOnly: in 20 x-bins
INFO: (function: generateAsimov) ToyMCSamplerOpt.cc: 146 -- Using internal logic for binned/unbinned Asimov dataset generation
INFO: (function: generateWithHisto) ToyMCSamplerOpt.cc: 221 -- Generating asimov with histogram for pdf pdf_binCR2_obsOnly: in 20 x-bins
INFO: (function: generateAsimov) ToyMCSamplerOpt.cc: 146 -- Using internal logic for binned/unbinned Asimov dataset generation
INFO: (function: generateWithHisto) ToyMCSamplerOpt.cc: 221 -- Generating asimov with histogram for pdf pdf_binCR2Blinded_obsOnly: in 20 x-bins
INFO: (function: generateAsimov) ToyMCSamplerOpt.cc: 146 -- Using internal logic for binned/unbinned Asimov dataset generation
INFO: (function: generateWithHisto) ToyMCSamplerOpt.cc: 221 -- Generating asimov with histogram for pdf pdf_binSR2a_obsOnly: in 20 x-bins
INFO: (function: generateAsimov) ToyMCSamplerOpt.cc: 146 -- Using internal logic for binned/unbinned Asimov dataset generation
INFO: (function: generateWithHisto) ToyMCSamplerOpt.cc: 221 -- Generating asimov with histogram for pdf pdf_binSR2aBlinded_obsOnly: in 20 x-bins
INFO: (function: generateAsimov) ToyMCSamplerOpt.cc: 146 -- Using internal logic for binned/unbinned Asimov dataset generation
INFO: (function: generateWithHisto) ToyMCSamplerOpt.cc: 221 -- Generating asimov with histogram for pdf pdf_binSR2b_obsOnly: in 20 x-bins
INFO: (function: generateAsimov) ToyMCSamplerOpt.cc: 146 -- Using internal logic for binned/unbinned Asimov dataset generation
INFO: (function: generateWithHisto) ToyMCSamplerOpt.cc: 221 -- Generating asimov with histogram for pdf pdf_binSR2bBlinded_obsOnly: in 20 x-bins
INFO: (function: generateAsimov) ToyMCSamplerOpt.cc: 146 -- Using internal logic for binned/unbinned Asimov dataset generation
INFO: (function: generateWithHisto) ToyMCSamplerOpt.cc: 221 -- Generating asimov with histogram for pdf pdf_binVBF_obsOnly: in 8 x-bins
INFO: (function: generateAsimov) ToyMCSamplerOpt.cc: 146 -- Using internal logic for binned/unbinned Asimov dataset generation
INFO: (function: generateWithHisto) ToyMCSamplerOpt.cc: 221 -- Generating asimov with histogram for pdf pdf_binggFpt250to350_obsOnly: in 8 x-bins
INFO: (function: generateAsimov) ToyMCSamplerOpt.cc: 146 -- Using internal logic for binned/unbinned Asimov dataset generation
INFO: (function: generateWithHisto) ToyMCSamplerOpt.cc: 221 -- Generating asimov with histogram for pdf pdf_binggFpt350to500_obsOnly: in 8 x-bins
INFO: (function: generateAsimov) ToyMCSamplerOpt.cc: 146 -- Using internal logic for binned/unbinned Asimov dataset generation
INFO: (function: generateWithHisto) ToyMCSamplerOpt.cc: 221 -- Generating asimov with histogram for pdf pdf_binggFpt500toInf_obsOnly: in 8 x-bins
INFO: (function: generateAsimov) ToyMCSamplerOpt.cc: 146 -- Using internal logic for binned/unbinned Asimov dataset generation
INFO: (function: generateWithHisto) ToyMCSamplerOpt.cc: 221 -- Generating asimov with histogram for pdf pdf_binTopCR_obsOnly: in 8 x-bins
INFO: (function: generateAsimov) ToyMCSamplerOpt.cc: 146 -- Using internal logic for binned/unbinned Asimov dataset generation
INFO: (function: generateWithHisto) ToyMCSamplerOpt.cc: 221 -- Generating asimov with histogram for pdf pdf_binWJetsCR_obsOnly: in 8 x-bins
INFO: (function: generateAsimov) ToyMCSamplerOpt.cc: 146 -- Using internal logic for binned/unbinned Asimov dataset generation
INFO: (function: generateWithHisto) ToyMCSamplerOpt.cc: 221 -- Generating asimov with histogram for pdf pdf_binSR1fail2016_obsOnly: in 4 x-bins
INFO: (function: generateAsimov) ToyMCSamplerOpt.cc: 146 -- Using internal logic for binned/unbinned Asimov dataset generation
INFO: (function: generateWithHisto) ToyMCSamplerOpt.cc: 221 -- Generating asimov with histogram for pdf pdf_binSR1fail2016APV_obsOnly: in 4 x-bins
INFO: (function: generateAsimov) ToyMCSamplerOpt.cc: 146 -- Using internal logic for binned/unbinned Asimov dataset generation
INFO: (function: generateWithHisto) ToyMCSamplerOpt.cc: 221 -- Generating asimov with histogram for pdf pdf_binSR1fail2017_obsOnly: in 4 x-bins
INFO: (function: generateAsimov) ToyMCSamplerOpt.cc: 146 -- Using internal logic for binned/unbinned Asimov dataset generation
INFO: (function: generateWithHisto) ToyMCSamplerOpt.cc: 221 -- Generating asimov with histogram for pdf pdf_binSR1fail2018_obsOnly: in 4 x-bins
INFO: (function: generateAsimov) ToyMCSamplerOpt.cc: 146 -- Using internal logic for binned/unbinned Asimov dataset generation
INFO: (function: generateWithHisto) ToyMCSamplerOpt.cc: 221 -- Generating asimov with histogram for pdf pdf_binSR1pass2016_obsOnly: in 4 x-bins
INFO: (function: generateAsimov) ToyMCSamplerOpt.cc: 146 -- Using internal logic for binned/unbinned Asimov dataset generation
INFO: (function: generateWithHisto) ToyMCSamplerOpt.cc: 221 -- Generating asimov with histogram for pdf pdf_binSR1pass2016APV_obsOnly: in 4 x-bins
INFO: (function: generateAsimov) ToyMCSamplerOpt.cc: 146 -- Using internal logic for binned/unbinned Asimov dataset generation
INFO: (function: generateWithHisto) ToyMCSamplerOpt.cc: 221 -- Generating asimov with histogram for pdf pdf_binSR1pass2017_obsOnly: in 4 x-bins
INFO: (function: generateAsimov) ToyMCSamplerOpt.cc: 146 -- Using internal logic for binned/unbinned Asimov dataset generation
INFO: (function: generateWithHisto) ToyMCSamplerOpt.cc: 221 -- Generating asimov with histogram for pdf pdf_binSR1pass2018_obsOnly: in 4 x-bins
INFO: (function: generateAsimov) ToyMCSamplerOpt.cc: 146 -- Using internal logic for binned/unbinned Asimov dataset generation
INFO: (function: generateWithHisto) ToyMCSamplerOpt.cc: 221 -- Generating asimov with histogram for pdf pdf_binTopCRfail2016_obsOnly: in 4 x-bins
INFO: (function: generateAsimov) ToyMCSamplerOpt.cc: 146 -- Using internal logic for binned/unbinned Asimov dataset generation
INFO: (function: generateWithHisto) ToyMCSamplerOpt.cc: 221 -- Generating asimov with histogram for pdf pdf_binTopCRfail2016APV_obsOnly: in 4 x-bins
INFO: (function: generateAsimov) ToyMCSamplerOpt.cc: 146 -- Using internal logic for binned/unbinned Asimov dataset generation
INFO: (function: generateWithHisto) ToyMCSamplerOpt.cc: 221 -- Generating asimov with histogram for pdf pdf_binTopCRfail2017_obsOnly: in 4 x-bins
INFO: (function: generateAsimov) ToyMCSamplerOpt.cc: 146 -- Using internal logic for binned/unbinned Asimov dataset generation
INFO: (function: generateWithHisto) ToyMCSamplerOpt.cc: 221 -- Generating asimov with histogram for pdf pdf_binTopCRfail2018_obsOnly: in 4 x-bins
INFO: (function: generateAsimov) ToyMCSamplerOpt.cc: 146 -- Using internal logic for binned/unbinned Asimov dataset generation
INFO: (function: generateWithHisto) ToyMCSamplerOpt.cc: 221 -- Generating asimov with histogram for pdf pdf_binTopCRpass2016_obsOnly: in 4 x-bins
INFO: (function: generateAsimov) ToyMCSamplerOpt.cc: 146 -- Using internal logic for binned/unbinned Asimov dataset generation
INFO: (function: generateWithHisto) ToyMCSamplerOpt.cc: 221 -- Generating asimov with histogram for pdf pdf_binTopCRpass2016APV_obsOnly: in 4 x-bins
INFO: (function: generateAsimov) ToyMCSamplerOpt.cc: 146 -- Using internal logic for binned/unbinned Asimov dataset generation
INFO: (function: generateWithHisto) ToyMCSamplerOpt.cc: 221 -- Generating asimov with histogram for pdf pdf_binTopCRpass2017_obsOnly: in 4 x-bins
INFO: (function: generateAsimov) ToyMCSamplerOpt.cc: 146 -- Using internal logic for binned/unbinned Asimov dataset generation
INFO: (function: generateWithHisto) ToyMCSamplerOpt.cc: 221 -- Generating asimov with histogram for pdf pdf_binTopCRpass2018_obsOnly: in 4 x-bins
INFO: (function: improveOnce) CascadeMinimizer.cc: 188 -- Minimisation configured with Type=Minuit2, Algo=Migrad, strategy=0, tolerance=0.1
INFO: (function: improveOnce) CascadeMinimizer.cc: 211 -- Minimisation finished with status=0
INFO: (function: improveOnce) CascadeMinimizer.cc: 216 -- Minimization success! status=0
INFO: (function: doFit) FitterAlgoBase.cc: 360 -- Running RobustFit for POI tqqnormSF_2018. Configured with strategy 0  
INFO: (function: findCrossing) FitterAlgoBase.cc: 406 -- Searching for crossing at nll = 0.494473, in the interval 1 < tqqnormSF_2018 < 10
INFO: (function: improveOnce) CascadeMinimizer.cc: 188 -- Minimisation configured with Type=Minuit2, Algo=Migrad, strategy=0, tolerance=0.1
INFO: (function: improveOnce) CascadeMinimizer.cc: 211 -- Minimisation finished with status=0
INFO: (function: improveOnce) CascadeMinimizer.cc: 216 -- Minimization success! status=0
INFO: (function: findCrossing) FitterAlgoBase.cc: 427 -- tqqnormSF_2018 lvl-here lvl-there 	stepping 
INFO: (function: improveOnce) CascadeMinimizer.cc: 188 -- Minimisation configured with Type=Minuit2, Algo=Migrad, strategy=0, tolerINFO: INFO: (function: improveOnce) CascadeMinimizer.cc: 211 -- Minimisation finished with status=0
INFO: (function: improveOnce) CascadeMinimizer.cc: 216 -- Minimization success! status=0
INFO: (function: findCrossing) FitterAlgoBase.cc: 460 -- 1.900000    -134.33205  +0.49447    0.900000
INFO: (function: improveOnce) CascadeMinimizer.cc: 188 -- Minimisation configured with Type=Minuit2, Algo=Migrad, strategy=0, tolerance=0.1
INFO: (function: improveOnce) CascadeMinimizer.cc: 211 -- Minimisation finished with status=0
INFO: (function: improveOnce) CascadeMinimizer.cc: 216 -- Minimization success! status=0
INFO: (function: findCrossing) FitterAlgoBase.cc: 460 -- 1.270000    -17.55103  -148.73744    0.270000
INFO: (function: improveOnce) CascadeMinimizer.cc: 188 -- Minimisation configured with Type=Minuit2, Algo=Migrad, strategy=0, tolerance=0.ININFO: (function: improveOnce) CascadeMinimizer.cc: 211 -- Minimisation finished with status=0
INFO: (function: improveOnce) CascadeMinimizer.cc: 216 -- Minimization success! status=0
INFO: (function: findCrossing) FitterAlgoBase.cc: 460 -- 1.081000    -1.40299  -17.55103    0.081000
INFO: (function: improveOnce) CascadeMinimizer.cc: 188 -- Minimisation configured with Type=Minuit2, Algo=Migrad, strategy=0, tolerance=0INFINFO: (function: improveOnce) CascadeMinimizer.cc: 211 -- Minimisation finished with status=0
INFO: (function: improveOnce) CascadeMinimizer.cc: 216 -- Minimization success! status=0
INFO: (function: findCrossing) FitterAlgoBase.cc: 460 -- 1.024300    +0.31141  -1.40299    0.024300
INFO: (function: improveOnce) CascadeMinimizer.cc: 188 -- Minimisation configured with Type=Minuit2, Algo=Migrad, strategy=0, tolerance=0INFINFO: (function: improveOnce) CascadeMinimizer.cc: 211 -- Minimisation finished with status=0
INFO: (function: improveOnce) CascadeMinimizer.cc: 216 -- Minimization success! status=0
INFO: (function: findCrossing) FitterAlgoBase.cc: 460 -- 1.048600    -0.21336  +0.31141    0.024300
INFO: (function: improveOnce) CascadeMinimizer.cc: 188 -- Minimisation configured with Type=Minuit2, Algo=Migrad, strategy=0, tolerance=0INFINFO: (function: improveOnce) CascadeMinimizer.cc: 211 -- Minimisation finished with status=0
INFO: (function: improveOnce) CascadeMinimizer.cc: 216 -- Minimization success! status=0
INFO: (function: findCrossing) FitterAlgoBase.cc: 460 -- 1.031590    +0.18951  -0.21336    0.007290
INFO: (function: improveOnce) CascadeMinimizer.cc: 188 -- Minimisation configured with Type=Minuit2, Algo=Migrad, strategy=0, tolerance=0INFINFO: (function: improveOnce) CascadeMinimizer.cc: 211 -- Minimisation finished with status=0
INFO: (function: improveOnce) CascadeMinimizer.cc: 216 -- Minimization success! status=0
INFO: (function: findCrossing) FitterAlgoBase.cc: 460 -- 1.038880    +0.03393  +0.18951    0.007290
INFO: (function: improveOnce) CascadeMinimizer.cc: 188 -- Minimisation configured with Type=Minuit2, Algo=Migrad, strategy=0, tolerance=0INFINFO: (function: improveOnce) CascadeMinimizer.cc: 211 -- Minimisation finished with status=0
INFO: (function: improveOnce) CascadeMinimizer.cc: 216 -- Minimization success! status=0
INFO: (function: findCrossing) FitterAlgoBase.cc: 460 -- 1.046170    -0.14699  +0.03393    0.007290
INFO: (function: improveOnce) CascadeMinimizer.cc: 188 -- Minimisation configured with Type=Minuit2, Algo=Migrad, strategy=0, tolerance=0INFINFO: (function: improveOnce) CascadeMinimizer.cc: 211 -- Minimisation finished with status=0
INFO: (function: improveOnce) CascadeMinimizer.cc: 216 -- Minimization success! status=0
INFO: (function: findCrossing) FitterAlgoBase.cc: 460 -- 1.041067    -0.01863  -0.14699    0.002187
INFO: (function: improveOnce) CascadeMinimizer.cc: 188 -- Minimisation configured with Type=Minuit2, Algo=Migrad, strategy=0, tolerance=0INFINFO: (function: improveOnce) CascadeMinimizer.cc: 211 -- Minimisation finished with status=0
INFO: (function: improveOnce) CascadeMinimizeINFO: (function: improveOnce) CascadeMinimizer.cc: 211 -- Minimisation finished with status=0
INFO: (function: improveOnce) CascadeMinimizer.cc: 216 -- Minimization success! status=0
INFO: (function: findCrossing) FitterAlgoBase.cc: 460 -- 0.870000    +0.14260  -0.39099    -0.030000
INFO: (function: improveOnce) CascadeMinimizer.cc: 211 -- Minimisation finished with status=0
INFO: (function: improveOnce) CascadeMinimizerINFO: (function: improveOnce) CascadeMinimizer.cc: 211 -- Minimisation finished with status=0
INFO: (function: improveOnce) CascadeMinimizer.cc: 216 -- Minimization success! status=0
INFO: (function: findCrossing) FitterAlgoBase.cc: 460 -- 0.840000    -0.05168  +0.14260    -0.030000
INFO: (function: improveOnce) CascadeMinimizer.cc: 188 -- Minimisation configured with Type=Minuit2, Algo=Migrad, strategy=0, tolerance=0.1
INFO: (function: improveOnce) CascadeMinimizer.cc: 211 -- Minimisation finished with status=0
INFO: (function: improveOnce) CascadeMinimizer.cc: 216 -- Minimization success! status=0
INFO: (function: findCrossing) FitterAlgoBase.cc: 460 -- 0.861000    +0.08850  -0.05168    -0.009000
INFO: (function: improveOnce) CascadeMinimizer.cc: 188 -- Minimisation configured with Type=Minuit2, Algo=Migrad, strategy=0, tolerance=0.1
INFO: (function: improveOnce) CascadeMinimizer.cc: 211 -- Minimisation finished with status=0
INFO: (function: improveOnce) CascadeMinimizer.cc: 216 -- Minimization success! status=0
INFO: (function: findCrossing) FitterAlgoBase.cc: 460 -- 0.852000    +0.03068  +0.08850    -0.009000
INFO: (function: improveOnce) CascadeMinimizer.cc: 188 -- Minimisation configured with Type=Minuit2, Algo=Migrad, strategy=0, tolerance=0.1
INFO: (function: improveOnce) CascadeMinimizer.cc: 211 -- Minimisation finished with status=0
INFO: (function: improveOnce) CascadeMinimizer.cc: 216 -- Minimization success! status=0
INFO: (function: findCrossing) FitterAlgoBase.cc: 460 -- 0.843000    -0.03143  +0.03068    -0.009000
INFO: (function: improveOnce) CascadeMinimizer.cc: 188 -- Minimisation configured with Type=Minuit2, Algo=Migrad, strategy=0, tolerance=0.1
INFO: (function: improveOnce) CascadeMinimizer.cc: 211 -- Minimisation finished with status=0
INFO: (function: improveOnce) CascadeMinimizer.cc: 216 -- Minimization success! status=0
INFO: (function: findCrossing) FitterAlgoBase.cc: 460 -- 0.849300    +0.01062  -0.03143    -0.002700
INFO: (function: improveOnce) CascadeMinimizer.cc: 188 -- Minimisation configured with Type=Minuit2, Algo=Migrad, strategy=0, tolerancINFO: INFO: (function: improveOnce) CascadeMinimizer.cc: 211 -- Minimisation finished with status=0
INFO: (function: improveOnce) CascadeMinimizer.cc: 216 -- Minimization success! status=0
INFO: (function: findCrossing) FitterAlgoBase.cc: 460 -- 0.846600    -0.00459  +0.01062    -0.002700
INFO: (function: improveOnce) CascadeMinimizer.cc: 188 -- Minimisation configured with Type=Minuit2, Algo=Migrad, strategy=0, tolerancINFO: INFO: (function: improveOnce) CascadeMinimizer.cc: 211 -- Minimisation finished with status=0
INFO: (function: improveOnce) CascadeMinimizer.cc: 216 -- Minimization success! status=0
INFO: (function: findCrossing) FitterAlgoBase.cc: 460 -- 0.848490    +0.00892  -0.00459    -0.0INFO: INFO: (function: improveOnce) CascadeMinimizer.cc: 188 -- Minimisation configured with Type=Minuit2, Algo=Migrad, strategy=0, tolerancINFO: (function: improveOnce) CascadeMinimizer.cc: 211 -- Minimisation finished with status=0
INFO: (function: improveOnce) CascadeMinimizer.cc: 216 -- Minimization success! status=0
INFO: (function: findCrossing) FitterAlgoBase.cc: 460 -- 0.961000    +0.03122  -0.60084    -0.009000
INFO: (function: improveOnce) CascadeMinimizer.cc: 188 -- Minimisation configured with Type=Minuit2, Algo=Migrad, strategy=0, tolerance=0.1
INFO: (function: improveOnce) CascadeMinimizer.cc: 211 -- Minimisation finished with status=0
INFO: (function: improveOnce) CascadeMinimizer.cc: 216 -- Minimization success! status=0
INFO: (function: findCrossing) FitterAlgoBase.cc: 460 -- 0.952000    -0.21805  +0.03122    -0.009000
INFO: (function: improveOnce) CascadeMinimizer.cc: 188 -- Minimisation configured with Type=Minuit2, Algo=Migrad, strategy=0, tolerance=0.1
INFO: (function: improveOnce) CascadeMinimizer.cc: 211 -- Minimisation finished with status=0
INFO: (function: improveOnce) CascadeMinimizer.cc: 216 -- Minimization success! status=0
INFO: (function: findCrossing) FitterAlgoBase.cc: 460 -- 0.958300    -0.03887  -0.21805    -0.002700
INFO: (function: improveOnce) CascadeMinimizer.cc: 188 -- Minimisation configured with Type=Minuit2, Algo=Migrad, strategy=0, tolerance=INFOINFO: (function: improveOnce) CascadeMinimizer.cc: 211 -- Minimisation finished with status=0
INFO: (function: improveOnce) CascadeMinimizer.cc: 216 -- Minimization success! status=0
INFO: (function: findCrossing) FitterAlgoBase.cc: 460 -- 0.960190    +0.01087  -0.03887    -0.000810
INFO: (function: improveOnce) CascadeMinimizer.cc: 188 -- Minimisation configured with Type=Minuit2, Algo=Migrad, strategy=0, tolerance=INFO: (function: improveOnce) CascadeMinimizer.cc: 211 -- Minimisation finished with status=0
INFO: (function: improveOnce) CascadeMinimizer.cc: 216 -- Minimization success! status=0
INFO: (function: findCrossing) FitterAlgoBase.cc: 460 -- 0.861000    +0.10483  -0.02947    -0.009000
INFO: (function: improveOnce) CascadeMinimizer.ccINFO: (function: improveOnce) CascadeMinimizer.cc: 211 -- Minimisation finished with status=0
INFO: (function: improveOnce) CascadeMinimizer.cc: 216 -- Minimization success! status=0
0
INFO: (function: improveOnce) CascadeMinimizer.cc: 216 -- Minimization success! status=0
INFO: (function: findCrossing) FitterAlgoBase.cc: 460 -- 0.852000    +0.04668  +0.10483    -0.009000
INFO: (function: improveOnce) CascadeMinimizer.cc: 188 -- Minimisation configured with Type=Minuit2, Algo=Migrad, strategy=0, tolerance=0.1
INFO: (function: improveOnce) CascadeMinimizer.cc: 211 -- Minimisation finished with status=0
INFO: (function: improveOnce) CascadeMinimizer.cc: 216 -- Minimization success! status=0
INFO: (function: findCrossing) FitterAlgoBase.cc: 460 -- 0.843000    -0.00885  +0.04668    -0.009000
INFO: (function: improveOnce) CascadeMinimizer.cc: 188 -- Minimisation configured with Type=Minuit2, Algo=Migrad, strategy=0, tolerance=0.1
INFO: (function: improveOnce) CascadeMinimizer.cc: 211 -- Minimisation finished with status=0
INFO: (function: improveOnce) CascadeMinimizer.cc: 216 -- Minimization success! status=0
INFO: (function: findCrossing) FitterAlgoBase.cc: 460 -- 0.849300    +0.02790  -0.00885    -0.002700
INFO: (function: improveOnce) CascadeMinimizer.cc: 188 -- Minimisation configured with Type=Minuit2, Algo=Migrad, strategy=0, tolerance=0.1
INFO: (function: improveOnce) CascadeMinimizer.cc: 211 -- Minimisation finished with status=0
INFO: (function: improveOnce) CascadeMinimizer.cc: 216 -- Minimization success! status=0
INFO: (function: findCrossing) FitterAlgoBase.cc: 460 -- 0.846600    +0.01565  +0.02790    -0.002700
INFO: (function: improveOnce) CascadeMinimizer.cc: 188 -- Minimisation configured with Type=Minuit2, Algo=Migrad, strategy=0, tolerance=0.1
INFO: (function: improveOnce) CascadeMinimizer.cc: 211 -- Minimisation finished with status=0
INFO: (function: improveOnce) CascadeMinimizer.cc: 216 -- Minimization success! status=0
INFO: (function: findCrossing) FitterAlgoBase.cc: 460 -- 0.843900    -0.00292  +0.01565    -0.002700
INFO: (function: improveOnce) CascadeMinimizer.cc: 188 -- Minimisation configured with Type=Minuit2, Algo=Migrad, strategy=0, tolerance=0.1
INFO: (function: improveOnce) CascadeMinimizer.cc: 211 -- Minimisation finished with status=0
INFO: (function: improveOnce) CascadeMinimizer.cc: 216 -- Minimization success! status=0
INFO: (function: findCrossing) FitterAlgoBase.cc: 460 -- 0.845790    +0.01018  -0.00292    -0.000810
INFO: (function: improveOnce) CascadeMinimizer.cc: 188 -- Minimisation configured with Type=Minuit2, Algo=Migrad, strategy=0, tolerance=0.1
INFO: (function: improveOnce) CascadeMinimizer.cc: 211 -- Minimisation finished with status=0
INFO: (function: improveOnce) CascadeMinimizer.cc: 216 -- Minimization success! status=0
INFO: (function: findCrossing) FitterAlgoBase.cc: 460 -- 0.844980    +0.00444  +0.01018    -0.000810
INFO: (function: improveOnce) CascadeMinimizer.cc: 188 -- Minimisation configured with Type=Minuit2, Algo=Migrad, strategy=0, tolerance=0.1
INFO: (function: improveOnce) CascadeMinimizer.cc: 211 -- Minimisation finished with status=0
INFO: (function: improveOnce) CascadeMinimizer.cc: 216 -- Minimization success! status=0
INFO: (function: findCrossing) FitterAlgoBase.cc: 460 -- 0.844170    -0.00158  +0.00444    -0.000810
INFO: (function: improveOnce) CascadeMinimizer.cc: 188 -- Minimisation configured with Type=Minuit2, Algo=Migrad, strategy=0, tolerance=0.1
INFO: (function: improveOnce) CascadeMinimizer.cc: 211 -- Minimisation finished with status=0
INFO: (function: improveOnce) CascadeMinimizer.cc: 216 -- Minimization success! status=0
INFO: (function: findCrossing) FitterAlgoBase.cc: 460 -- 0.844737    +0.00266  -0.00158    -0.000243
INFO: (function: improveOnce) CascadeMinimizer.cc: 188 -- Minimisation configured with Type=Minuit2, Algo=Migrad, strategy=0, tolerance=0.1
INFO: (function: improveOnce) CascadeMinimizer.cc: 211 -- Minimisation finished with status=0
INFO: (function: improveOnce) CascadeMinimizer.cc: 216 -- Minimization success! status=0
INFO: (function: findCrossing) FitterAlgoBase.cc: 460 -- 0.844494    +0.00084  +0.00266    -0.000243
INFO: (function: improveOnce) CascadeMINFO: (function: improveOnce) CascadeMinimizer.cc: 211 -- Minimisation finished with status=0
INFO: (function: improveOnce) CascadeMinimizer.cc: 216 -- Minimization success! status=0
ith status=0
INFO: (function: improveOnce) CascadeMinimizer.cc: 216 -- Minimization success! status=0
INFO: (function: findCrossing) FitterAlgoBase.cc: 460 -- 0.844251    -0.00060  +0.00084    -0.000243
INFO: (function: improveOnce) CascadeMinimizer.cc: 188 -- Minimisation configured with Type=Minuit2, Algo=Migrad, strategy=0, tolerance=0.1
INFO: (function: improveOnce) CascadeMinimizer.cc: 211 -- Minimisation finished with status=0
INFO: (function: improveOnce) CascadeMinimizer.cc: 216 -- Minimization success! status=0
INFO: (function: findCrossing) FitterAlgoBase.cc: 460 -- 0.844421    +0.00070  -0.00060    -0.000073
INFO: (function: improveOnce) CascadeMinimizer.cc: 188 -- Minimisation configured with Type=Minuit2, Algo=Migrad, strategy=0, tolerance=0.1
INFO: (function: improveOnce) CascadeMinimizer.cc: 211 -- Minimisation finished with status=0
INFO: (function: improveOnce) CascadeMinimizer.cc: 216 -- Minimization success! status=0
INFO: (function: findCrossing) FitterAlgoBase.cc: 460 -- 0.844348    +0.00024  +0.00070    -0.000073
INFO: (function: improveOnce) CascadeMinimizer.cc: 188 -- Minimisation configured with Type=Minuit2, Algo=Migrad, strategy=0, tolerance=0.1
INFO: (function: improveOnce) CascadeMinimizer.cc: 211 -- Minimisation finished with status=0
INFO: (function: improveOnce) CascadeMinimizer.cc: 216 -- Minimization success! status=0
INFO: (function: improveOnce) CascadeMinimizer.cc: 188 -- Minimisation configured with Type=Minuit2, Algo=Migrad, strategy=0, tolerance=0.1
INFO: (function: improveOnce) CascadeMinimizer.cc: 211 -- Minimisation finished with status=0
INFO: (function: improveOnce) CascadeMinimizer.cc: 216 -- Minimization success! status=0
